../lvgl/lvgl/src/extra/layouts/flex/../flex/../../../core/../misc/../font/../misc/lv_area.h:120:20:lv_area_copy	16	static
../lvgl/lvgl/src/extra/layouts/flex/../flex/../../../core/../misc/../font/../misc/lv_area.h:133:26:lv_area_get_width	16	static
../lvgl/lvgl/src/extra/layouts/flex/../flex/../../../core/../misc/../font/../misc/lv_area.h:143:26:lv_area_get_height	16	static
../lvgl/lvgl/src/extra/layouts/flex/../flex/../../../core/lv_obj_style_gen.h:1:26:lv_obj_get_style_width	24	static
../lvgl/lvgl/src/extra/layouts/flex/../flex/../../../core/lv_obj_style_gen.h:7:26:lv_obj_get_style_min_width	24	static
../lvgl/lvgl/src/extra/layouts/flex/../flex/../../../core/lv_obj_style_gen.h:13:26:lv_obj_get_style_max_width	24	static
../lvgl/lvgl/src/extra/layouts/flex/../flex/../../../core/lv_obj_style_gen.h:19:26:lv_obj_get_style_height	24	static
../lvgl/lvgl/src/extra/layouts/flex/../flex/../../../core/lv_obj_style_gen.h:25:26:lv_obj_get_style_min_height	24	static
../lvgl/lvgl/src/extra/layouts/flex/../flex/../../../core/lv_obj_style_gen.h:31:26:lv_obj_get_style_max_height	24	static
../lvgl/lvgl/src/extra/layouts/flex/../flex/../../../core/lv_obj_style_gen.h:67:26:lv_obj_get_style_translate_x	24	static
../lvgl/lvgl/src/extra/layouts/flex/../flex/../../../core/lv_obj_style_gen.h:73:26:lv_obj_get_style_translate_y	24	static
../lvgl/lvgl/src/extra/layouts/flex/../flex/../../../core/lv_obj_style_gen.h:91:26:lv_obj_get_style_pad_top	24	static
../lvgl/lvgl/src/extra/layouts/flex/../flex/../../../core/lv_obj_style_gen.h:103:26:lv_obj_get_style_pad_left	24	static
../lvgl/lvgl/src/extra/layouts/flex/../flex/../../../core/lv_obj_style_gen.h:115:26:lv_obj_get_style_pad_row	24	static
../lvgl/lvgl/src/extra/layouts/flex/../flex/../../../core/lv_obj_style_gen.h:121:26:lv_obj_get_style_pad_column	24	static
../lvgl/lvgl/src/extra/layouts/flex/../flex/../../../core/lv_obj_style_gen.h:187:29:lv_obj_get_style_base_dir	24	static
../lvgl/lvgl/src/extra/layouts/flex/../flex/../../../core/lv_obj_style_gen.h:295:26:lv_obj_get_style_border_width	24	static
../lvgl/lvgl/src/extra/layouts/flex/../flex/lv_flex.h:111:30:lv_obj_get_style_flex_flow	24	static
../lvgl/lvgl/src/extra/layouts/flex/../flex/lv_flex.h:117:31:lv_obj_get_style_flex_main_place	24	static
../lvgl/lvgl/src/extra/layouts/flex/../flex/lv_flex.h:123:31:lv_obj_get_style_flex_cross_place	24	static
../lvgl/lvgl/src/extra/layouts/flex/../flex/lv_flex.h:129:31:lv_obj_get_style_flex_track_place	24	static
../lvgl/lvgl/src/extra/layouts/flex/../flex/lv_flex.h:135:23:lv_obj_get_style_flex_grow	24	static
../lvgl/lvgl/src/extra/layouts/flex/lv_flex.c:89:6:lv_flex_init	8	static
../lvgl/lvgl/src/extra/layouts/flex/lv_flex.c:99:6:lv_obj_set_flex_flow	16	static
../lvgl/lvgl/src/extra/layouts/flex/lv_flex.c:105:6:lv_obj_set_flex_align	16	static
../lvgl/lvgl/src/extra/layouts/flex/lv_flex.c:113:6:lv_obj_set_flex_grow	16	static
../lvgl/lvgl/src/extra/layouts/flex/lv_flex.c:120:6:lv_style_set_flex_flow	24	static
../lvgl/lvgl/src/extra/layouts/flex/lv_flex.c:128:6:lv_style_set_flex_main_place	24	static
../lvgl/lvgl/src/extra/layouts/flex/lv_flex.c:136:6:lv_style_set_flex_cross_place	24	static
../lvgl/lvgl/src/extra/layouts/flex/lv_flex.c:144:6:lv_style_set_flex_track_place	24	static
../lvgl/lvgl/src/extra/layouts/flex/lv_flex.c:152:6:lv_style_set_flex_grow	24	static
../lvgl/lvgl/src/extra/layouts/flex/lv_flex.c:161:6:lv_obj_set_style_flex_flow	32	static
../lvgl/lvgl/src/extra/layouts/flex/lv_flex.c:169:6:lv_obj_set_style_flex_main_place	32	static
../lvgl/lvgl/src/extra/layouts/flex/lv_flex.c:177:6:lv_obj_set_style_flex_cross_place	32	static
../lvgl/lvgl/src/extra/layouts/flex/lv_flex.c:185:6:lv_obj_set_style_flex_track_place	32	static
../lvgl/lvgl/src/extra/layouts/flex/lv_flex.c:193:6:lv_obj_set_style_flex_grow	32	static
../lvgl/lvgl/src/extra/layouts/flex/lv_flex.c:205:13:flex_update	152	static
../lvgl/lvgl/src/extra/layouts/flex/lv_flex.c:309:16:find_track_end	56	static
../lvgl/lvgl/src/extra/layouts/flex/lv_flex.c:395:13:children_repos	112	static
../lvgl/lvgl/src/extra/layouts/flex/lv_flex.c:528:13:place_content	16	static
../lvgl/lvgl/src/extra/layouts/flex/lv_flex.c:567:19:get_next_item	24	static
