C:\Users\nxf77952\Documents\MCUXpressoIDE_11.5.0_7232\workspace\MIMXRT1176_Project_TFT\drivers/fsl_lcdifv2.h:351:20:LCDIFV2_EnableDisplay	16	static
C:\Users\nxf77952\Documents\MCUXpressoIDE_11.5.0_7232\workspace\MIMXRT1176_Project_TFT\drivers/fsl_lcdifv2.h:377:20:LCDIFV2_EnableInterrupts	24	static
C:\Users\nxf77952\Documents\MCUXpressoIDE_11.5.0_7232\workspace\MIMXRT1176_Project_TFT\drivers/fsl_lcdifv2.h:389:20:LCDIFV2_DisableInterrupts	24	static
C:\Users\nxf77952\Documents\MCUXpressoIDE_11.5.0_7232\workspace\MIMXRT1176_Project_TFT\drivers/fsl_lcdifv2.h:401:24:LCDIFV2_GetInterruptStatus	16	static
C:\Users\nxf77952\Documents\MCUXpressoIDE_11.5.0_7232\workspace\MIMXRT1176_Project_TFT\drivers/fsl_lcdifv2.h:413:20:LCDIFV2_ClearInterruptStatus	24	static
C:\Users\nxf77952\Documents\MCUXpressoIDE_11.5.0_7232\workspace\MIMXRT1176_Project_TFT\drivers/fsl_lcdifv2.h:461:20:LCDIFV2_SetLayerSize	24	static
C:\Users\nxf77952\Documents\MCUXpressoIDE_11.5.0_7232\workspace\MIMXRT1176_Project_TFT\drivers/fsl_lcdifv2.h:475:20:LCDIFV2_SetLayerOffset	24	static
C:\Users\nxf77952\Documents\MCUXpressoIDE_11.5.0_7232\workspace\MIMXRT1176_Project_TFT\drivers/fsl_lcdifv2.h:499:20:LCDIFV2_SetLayerBufferAddr	24	static
C:\Users\nxf77952\Documents\MCUXpressoIDE_11.5.0_7232\workspace\MIMXRT1176_Project_TFT\drivers/fsl_lcdifv2.h:511:20:LCDIFV2_EnableLayer	16	static
C:\Users\nxf77952\Documents\MCUXpressoIDE_11.5.0_7232\workspace\MIMXRT1176_Project_TFT\drivers/fsl_lcdifv2.h:534:20:LCDIFV2_TriggerLayerShadowLoad	16	static
C:\Users\nxf77952\Documents\MCUXpressoIDE_11.5.0_7232\workspace\MIMXRT1176_Project_TFT\drivers/fsl_lcdifv2.h:548:20:LCDIFV2_SetLayerBackGroundColor	24	static
../video/fsl_dc_fb_lcdifv2.c:55:17:DC_FB_LCDIFV2_GetPixelFormat	24	static
../video/fsl_dc_fb_lcdifv2.c:71:10:DC_FB_LCDIFV2_Init	48	static
../video/fsl_dc_fb_lcdifv2.c:114:10:DC_FB_LCDIFV2_Deinit	24	static
../video/fsl_dc_fb_lcdifv2.c:131:10:DC_FB_LCDIFV2_EnableLayer	24	static
../video/fsl_dc_fb_lcdifv2.c:160:10:DC_FB_LCDIFV2_DisableLayer	24	static
../video/fsl_dc_fb_lcdifv2.c:176:10:DC_FB_LCDIFV2_SetLayerConfig	48	static
../video/fsl_dc_fb_lcdifv2.c:205:10:DC_FB_LCDIFV2_GetLayerDefaultConfig	32	static
../video/fsl_dc_fb_lcdifv2.c:221:10:DC_FB_LCDIFV2_SetFrameBuffer	32	static
../video/fsl_dc_fb_lcdifv2.c:242:6:DC_FB_LCDIFV2_SetCallback	32	static
../video/fsl_dc_fb_lcdifv2.c:251:10:DC_FB_LCDIFV2_GetProperty	16	static
../video/fsl_dc_fb_lcdifv2.c:256:6:DC_FB_LCDIFV2_IRQHandler	40	static
