../lvgl/lvgl/src/core/../misc/lv_anim.h:119:20:lv_anim_set_var	16	static
../lvgl/lvgl/src/core/../misc/lv_anim.h:131:20:lv_anim_set_exec_cb	16	static
../lvgl/lvgl/src/core/../misc/lv_anim.h:141:20:lv_anim_set_time	16	static
../lvgl/lvgl/src/core/../misc/lv_anim.h:151:20:lv_anim_set_delay	16	static
../lvgl/lvgl/src/core/../misc/lv_anim.h:162:20:lv_anim_set_values	24	static
../lvgl/lvgl/src/core/../misc/lv_anim.h:199:20:lv_anim_set_start_cb	16	static
../lvgl/lvgl/src/core/../misc/lv_anim.h:220:20:lv_anim_set_ready_cb	16	static
../lvgl/lvgl/src/core/lv_disp.h:163:26:lv_scr_act	8	static
../lvgl/lvgl/src/core/lv_disp.c:49:12:lv_disp_get_scr_act	16	static
../lvgl/lvgl/src/core/lv_disp.c:66:12:lv_disp_get_scr_prev	16	static
../lvgl/lvgl/src/core/lv_disp.c:81:6:lv_disp_load_scr	24	static
../lvgl/lvgl/src/core/lv_disp.c:95:12:lv_disp_get_layer_top	16	static
../lvgl/lvgl/src/core/lv_disp.c:112:12:lv_disp_get_layer_sys	16	static
../lvgl/lvgl/src/core/lv_disp.c:128:6:lv_disp_set_theme	16	static
../lvgl/lvgl/src/core/lv_disp.c:146:14:lv_disp_get_theme	16	static
../lvgl/lvgl/src/core/lv_disp.c:157:6:lv_disp_set_bg_color	40	static
../lvgl/lvgl/src/core/lv_disp.c:178:6:lv_disp_set_bg_image	40	static
../lvgl/lvgl/src/core/lv_disp.c:198:6:lv_disp_set_bg_opa	40	static
../lvgl/lvgl/src/core/lv_disp.c:221:6:lv_scr_load_anim	160	static
../lvgl/lvgl/src/core/lv_disp.c:335:10:lv_disp_get_inactive_time	32	static
../lvgl/lvgl/src/core/lv_disp.c:355:6:lv_disp_trig_activity	16	static
../lvgl/lvgl/src/core/lv_disp.c:370:6:lv_disp_clean_dcache	16	static
../lvgl/lvgl/src/core/lv_disp.c:388:14:_lv_disp_get_refr_timer	16	static
../lvgl/lvgl/src/core/lv_disp.c:403:13:scr_load_anim_start	24	static
../lvgl/lvgl/src/core/lv_disp.c:411:13:opa_scale_anim	16	static
../lvgl/lvgl/src/core/lv_disp.c:416:13:set_x_anim	16	static
../lvgl/lvgl/src/core/lv_disp.c:421:13:set_y_anim	16	static
../lvgl/lvgl/src/core/lv_disp.c:426:13:scr_anim_ready	24	static
