../lvgl/lvgl/src/core/lv_event.c:51:10:lv_event_send	56	static
../lvgl/lvgl/src/core/lv_event.c:82:10:lv_obj_event_base	24	static
../lvgl/lvgl/src/core/lv_event.c:106:12:lv_event_get_target	16	static
../lvgl/lvgl/src/core/lv_event.c:111:12:lv_event_get_current_target	16	static
../lvgl/lvgl/src/core/lv_event.c:116:17:lv_event_get_code	16	static
../lvgl/lvgl/src/core/lv_event.c:121:8:lv_event_get_param	16	static
../lvgl/lvgl/src/core/lv_event.c:126:8:lv_event_get_user_data	16	static
../lvgl/lvgl/src/core/lv_event.c:132:10:lv_event_register_id	4	static
../lvgl/lvgl/src/core/lv_event.c:139:6:_lv_event_mark_deleted	24	static
../lvgl/lvgl/src/core/lv_event.c:150:26:lv_obj_add_event_cb	32	static
../lvgl/lvgl/src/core/lv_event.c:166:6:lv_obj_remove_event_cb	32	static
../lvgl/lvgl/src/core/lv_event.c:190:6:lv_obj_remove_event_dsc	32	static
../lvgl/lvgl/src/core/lv_event.c:214:14:lv_event_get_indev	16	static
../lvgl/lvgl/src/core/lv_event.c:241:26:lv_event_get_draw_part_dsc	16	static
../lvgl/lvgl/src/core/lv_event.c:253:19:lv_event_get_clip_area	16	static
../lvgl/lvgl/src/core/lv_event.c:269:19:lv_event_get_old_size	16	static
../lvgl/lvgl/src/core/lv_event.c:279:10:lv_event_get_key	24	static
../lvgl/lvgl/src/core/lv_event.c:291:13:lv_event_get_scroll_anim	16	static
../lvgl/lvgl/src/core/lv_event.c:301:6:lv_event_set_ext_draw_size	24	static
../lvgl/lvgl/src/core/lv_event.c:311:14:lv_event_get_self_size_info	16	static
../lvgl/lvgl/src/core/lv_event.c:321:22:lv_event_get_hit_test_info	16	static
../lvgl/lvgl/src/core/lv_event.c:331:19:lv_event_get_cover_area	24	static
../lvgl/lvgl/src/core/lv_event.c:342:6:lv_event_set_cover_res	24	static
../lvgl/lvgl/src/core/lv_event.c:356:25:lv_obj_get_event_dsc	16	static
../lvgl/lvgl/src/core/lv_event.c:366:17:event_send_core	32	static
../lvgl/lvgl/src/core/lv_event.c:405:13:event_is_bubbled	16	static
