../lvgl/lvgl/src/core/../misc/lv_color.h:459:48:lv_color_mix	24	static
../lvgl/lvgl/src/core/../misc/lv_anim.h:119:20:lv_anim_set_var	16	static
../lvgl/lvgl/src/core/../misc/lv_anim.h:131:20:lv_anim_set_exec_cb	16	static
../lvgl/lvgl/src/core/../misc/lv_anim.h:141:20:lv_anim_set_time	16	static
../lvgl/lvgl/src/core/../misc/lv_anim.h:151:20:lv_anim_set_delay	16	static
../lvgl/lvgl/src/core/../misc/lv_anim.h:162:20:lv_anim_set_values	24	static
../lvgl/lvgl/src/core/../misc/lv_anim.h:189:20:lv_anim_set_path_cb	16	static
../lvgl/lvgl/src/core/../misc/lv_anim.h:199:20:lv_anim_set_start_cb	16	static
../lvgl/lvgl/src/core/../misc/lv_anim.h:220:20:lv_anim_set_ready_cb	16	static
../lvgl/lvgl/src/core/../misc/lv_anim.h:270:20:lv_anim_set_early_apply	16	static
../lvgl/lvgl/src/core/lv_obj_style_gen.h:145:45:lv_obj_get_style_color_filter_dsc	24	static
../lvgl/lvgl/src/core/lv_obj_style_gen.h:151:24:lv_obj_get_style_color_filter_opa	24	static
../lvgl/lvgl/src/core/lv_obj_style.c:71:6:_lv_obj_style_init	8	static
../lvgl/lvgl/src/core/lv_obj_style.c:76:6:lv_obj_add_style	32	static
../lvgl/lvgl/src/core/lv_obj_style.c:106:6:lv_obj_remove_style	56	static
../lvgl/lvgl/src/core/lv_obj_style.c:154:6:lv_obj_report_style_change	24	static
../lvgl/lvgl/src/core/lv_obj_style.c:168:6:lv_obj_refresh_style	32	static
../lvgl/lvgl/src/core/lv_obj_style.c:201:6:lv_obj_enable_style_refresh	16	static
../lvgl/lvgl/src/core/lv_obj_style.c:206:18:lv_obj_get_style_prop	40	static
../lvgl/lvgl/src/core/lv_obj_style.c:251:6:lv_obj_set_local_style_prop	32	static
../lvgl/lvgl/src/core/lv_obj_style.c:259:10:lv_obj_get_local_style_prop	32	static
../lvgl/lvgl/src/core/lv_obj_style.c:273:6:lv_obj_remove_local_style_prop	32	static
../lvgl/lvgl/src/core/lv_obj_style.c:292:6:_lv_obj_style_create_transition	112	static
../lvgl/lvgl/src/core/lv_obj_style.c:350:23:_lv_obj_style_state_compare	48	static
../lvgl/lvgl/src/core/lv_obj_style.c:417:6:lv_obj_fade_in	88	static
../lvgl/lvgl/src/core/lv_obj_style.c:430:6:lv_obj_fade_out	88	static
../lvgl/lvgl/src/core/lv_obj_style.c:442:12:lv_obj_style_get_selector_state	16	static
../lvgl/lvgl/src/core/lv_obj_style.c:447:11:lv_obj_style_get_selector_part	16	static
../lvgl/lvgl/src/core/lv_obj_style.c:464:21:get_local_style	32	static
../lvgl/lvgl/src/core/lv_obj_style.c:502:26:get_trans_style	32	static
../lvgl/lvgl/src/core/lv_obj_style.c:528:13:get_prop_core	72	static
../lvgl/lvgl/src/core/lv_obj_style.c:590:25:apply_color_filter	32	static
../lvgl/lvgl/src/core/lv_obj_style.c:606:13:report_style_change_core	24	static
../lvgl/lvgl/src/core/lv_obj_style.c:626:13:refresh_children_style	24	static
../lvgl/lvgl/src/core/lv_obj_style.c:648:13:trans_del	40	static
../lvgl/lvgl/src/core/lv_obj_style.c:680:13:trans_anim_cb	40	static
../lvgl/lvgl/src/core/lv_obj_style.c:742:13:trans_anim_start_cb	40	static
../lvgl/lvgl/src/core/lv_obj_style.c:763:13:trans_anim_ready_cb	48	static
../lvgl/lvgl/src/core/lv_obj_style.c:801:13:fade_anim_cb	16	static
../lvgl/lvgl/src/core/lv_obj_style.c:806:13:fade_in_anim_ready	16	static
