../lvgl/lvgl/src/core/../misc/../font/../misc/lv_area.h:120:20:lv_area_copy	16	static
../lvgl/lvgl/src/core/../misc/lv_style.h:353:24:lv_style_get_prop_inlined	48	static
../lvgl/lvgl/src/core/lv_obj_style.h:92:20:lv_obj_remove_style_all	16	static
../lvgl/lvgl/src/core/lv_obj_style_gen.h:1:26:lv_obj_get_style_width	24	static
../lvgl/lvgl/src/core/lv_obj_style_gen.h:19:26:lv_obj_get_style_height	24	static
../lvgl/lvgl/src/core/lv_obj_style_gen.h:49:26:lv_obj_get_style_align	24	static
../lvgl/lvgl/src/core/lv_obj_style_gen.h:55:26:lv_obj_get_style_transform_width	24	static
../lvgl/lvgl/src/core/lv_obj_style_gen.h:61:26:lv_obj_get_style_transform_height	24	static
../lvgl/lvgl/src/core/lv_obj_style_gen.h:91:26:lv_obj_get_style_pad_top	24	static
../lvgl/lvgl/src/core/lv_obj_style_gen.h:103:26:lv_obj_get_style_pad_left	24	static
../lvgl/lvgl/src/core/lv_obj_style_gen.h:127:26:lv_obj_get_style_radius	24	static
../lvgl/lvgl/src/core/lv_obj_style_gen.h:133:20:lv_obj_get_style_clip_corner	24	static
../lvgl/lvgl/src/core/lv_obj_style_gen.h:139:24:lv_obj_get_style_opa	24	static
../lvgl/lvgl/src/core/lv_obj_style_gen.h:175:31:lv_obj_get_style_blend_mode	24	static
../lvgl/lvgl/src/core/lv_obj_style_gen.h:181:24:lv_obj_get_style_layout	24	static
../lvgl/lvgl/src/core/lv_obj_style_gen.h:193:26:lv_obj_get_style_bg_color	24	static
../lvgl/lvgl/src/core/lv_obj_style_gen.h:205:24:lv_obj_get_style_bg_opa	24	static
../lvgl/lvgl/src/core/lv_obj_style_gen.h:277:26:lv_obj_get_style_border_color	24	static
../lvgl/lvgl/src/core/lv_obj_style_gen.h:289:24:lv_obj_get_style_border_opa	24	static
../lvgl/lvgl/src/core/lv_obj_style_gen.h:295:26:lv_obj_get_style_border_width	24	static
../lvgl/lvgl/src/core/lv_obj_style_gen.h:307:20:lv_obj_get_style_border_post	24	static
../lvgl/lvgl/src/core/lv_obj_style_gen.h:415:26:lv_obj_get_style_shadow_width	24	static
../lvgl/lvgl/src/core/lv_obj_style_gen.h:433:26:lv_obj_get_style_shadow_spread	24	static
../lvgl/lvgl/src/core/lv_obj_style_gen.h:439:26:lv_obj_get_style_shadow_color	24	static
../lvgl/lvgl/src/core/lv_obj_style_gen.h:451:24:lv_obj_get_style_shadow_opa	24	static
../lvgl/lvgl/src/core/lv_obj.c:87:6:lv_init	32	static
../lvgl/lvgl/src/core/lv_obj.c:170:6:lv_deinit	8	static
../lvgl/lvgl/src/core/lv_obj.c:186:12:lv_obj_create	24	static
../lvgl/lvgl/src/core/lv_obj.c:202:6:lv_obj_add_flag	24	static
../lvgl/lvgl/src/core/lv_obj.c:221:6:lv_obj_clear_flag	24	static
../lvgl/lvgl/src/core/lv_obj.c:241:6:lv_obj_add_state	24	static
../lvgl/lvgl/src/core/lv_obj.c:251:6:lv_obj_clear_state	24	static
../lvgl/lvgl/src/core/lv_obj.c:265:6:lv_obj_has_flag	16	static
../lvgl/lvgl/src/core/lv_obj.c:272:6:lv_obj_has_flag_any	16	static
../lvgl/lvgl/src/core/lv_obj.c:279:12:lv_obj_get_state	16	static
../lvgl/lvgl/src/core/lv_obj.c:286:6:lv_obj_has_state	16	static
../lvgl/lvgl/src/core/lv_obj.c:293:8:lv_obj_get_group	16	static
../lvgl/lvgl/src/core/lv_obj.c:305:6:lv_obj_allocate_spec_attr	16	static
../lvgl/lvgl/src/core/lv_obj.c:323:6:lv_obj_check_type	16	static
../lvgl/lvgl/src/core/lv_obj.c:329:6:lv_obj_has_class	24	static
../lvgl/lvgl/src/core/lv_obj.c:340:24:lv_obj_get_class	16	static
../lvgl/lvgl/src/core/lv_obj.c:345:6:lv_obj_is_valid	32	static
../lvgl/lvgl/src/core/lv_obj.c:366:13:lv_obj_constructor	32	static
../lvgl/lvgl/src/core/lv_obj.c:396:13:lv_obj_destructor	24	static
../lvgl/lvgl/src/core/lv_obj.c:429:13:lv_obj_draw	144	static
../lvgl/lvgl/src/core/lv_obj.c:541:13:draw_scrollbar	88	static
../lvgl/lvgl/src/core/lv_obj.c:564:17:scrollbar_init_draw_dsc	32	static
../lvgl/lvgl/src/core/lv_obj.c:613:13:lv_obj_event	88	static
../lvgl/lvgl/src/core/lv_obj.c:739:13:lv_obj_set_state	88	static
../lvgl/lvgl/src/core/lv_obj.c:812:13:obj_valid_child	32	static
