../lvgl/lvgl/src/core/../misc/../font/../misc/lv_area.h:120:20:lv_area_copy	16	static
../lvgl/lvgl/src/core/../misc/../font/../misc/lv_area.h:133:26:lv_area_get_width	16	static
../lvgl/lvgl/src/core/../misc/../font/../misc/lv_area.h:143:26:lv_area_get_height	16	static
../lvgl/lvgl/src/core/lv_refr.c:72:6:_lv_refr_init	4	static
../lvgl/lvgl/src/core/lv_refr.c:84:6:lv_refr_now	24	static
../lvgl/lvgl/src/core/lv_refr.c:107:6:_lv_inv_area	40	static
../lvgl/lvgl/src/core/lv_refr.c:162:13:_lv_refr_get_disp_refreshing	4	static
../lvgl/lvgl/src/core/lv_refr.c:173:6:_lv_refr_set_disp_refreshing	16	static
../lvgl/lvgl/src/core/lv_refr.c:182:6:_lv_disp_refr_timer	24	static
../lvgl/lvgl/src/core/lv_refr.c:327:13:lv_refr_join_area	32	static
../lvgl/lvgl/src/core/lv_refr.c:364:13:lv_refr_areas	16	static
../lvgl/lvgl/src/core/lv_refr.c:400:13:lv_refr_area	64	static
../lvgl/lvgl/src/core/lv_refr.c:487:13:lv_refr_area_part	136	static
../lvgl/lvgl/src/core/lv_refr.c:570:19:lv_refr_get_top_obj	40	static
../lvgl/lvgl/src/core/lv_refr.c:609:13:lv_refr_obj_and_children	40	static
../lvgl/lvgl/src/core/lv_refr.c:658:13:lv_refr_obj	72	static
../lvgl/lvgl/src/core/lv_refr.c:729:13:draw_buf_rotate_180	48	static
../lvgl/lvgl/src/core/lv_refr.c:752:35:draw_buf_rotate_90	48	static
../lvgl/lvgl/src/core/lv_refr.c:773:20:draw_buf_rotate4	32	static
../lvgl/lvgl/src/core/lv_refr.c:786:13:draw_buf_rotate_90_sqr	32	static
../lvgl/lvgl/src/core/lv_refr.c:814:13:draw_buf_rotate	48	static
../lvgl/lvgl/src/core/lv_refr.c:891:13:draw_buf_flush	24	static
../lvgl/lvgl/src/core/lv_refr.c:921:13:call_flush_cb	24	static
