../drivers/fsl_pmu.c:143:6:PMU_SetPllLdoControlMode	16	static
../drivers/fsl_pmu.c:160:6:PMU_SwitchPllLdoToGPCMode	16	static
../drivers/fsl_pmu.c:177:6:PMU_StaticEnablePllLdo	24	static
../drivers/fsl_pmu.c:199:6:PMU_StaticDisablePllLdo	8	static
../drivers/fsl_pmu.c:210:6:PMU_SetLpsrAnaLdoControlMode	16	static
../drivers/fsl_pmu.c:230:6:PMU_StaticEnableLpsrAnaLdoBypassMode	16	static
../drivers/fsl_pmu.c:284:6:PMU_StaticGetLpsrAnaLdoDefaultConfig	16	static
../drivers/fsl_pmu.c:304:6:PMU_StaticLpsrAnaLdoInit	24	static
../drivers/fsl_pmu.c:335:6:PMU_StaticLpsrAnaLdoDeinit	16	static
../drivers/fsl_pmu.c:347:6:PMU_SetLpsrDigLdoControlMode	16	static
../drivers/fsl_pmu.c:367:6:PMU_StaticEnableLpsrDigLdoBypassMode	16	static
../drivers/fsl_pmu.c:403:6:PMU_StaticGetLpsrDigLdoDefaultConfig	16	static
../drivers/fsl_pmu.c:420:6:PMU_StaticLpsrDigLdoInit	24	static
../drivers/fsl_pmu.c:446:6:PMU_StaticLpsrDigLdoDeinit	16	static
../drivers/fsl_pmu.c:460:6:PMU_GPCSetLpsrDigLdoTargetVoltage	48	static
../drivers/fsl_pmu.c:502:6:PMU_GetSnvsDigLdoDefaultConfig	16	static
../drivers/fsl_pmu.c:522:6:PMU_SnvsDigLdoInit	24	static
../drivers/fsl_pmu.c:542:6:PMU_GPCEnableLdo	40	static
../drivers/fsl_pmu.c:559:6:PMU_GPCSetLdoOperateMode	40	static
../drivers/fsl_pmu.c:583:6:PMU_GPCEnableLdoTrackingMode	40	static
../drivers/fsl_pmu.c:600:6:PMU_GPCEnableLdoBypassMode	40	static
../drivers/fsl_pmu.c:617:6:PMU_GPCEnableLdoStandbyMode	40	static
../drivers/fsl_pmu.c:632:6:PMU_SetBandgapControlMode	16	static
../drivers/fsl_pmu.c:649:6:PMU_SwitchBandgapToGPCMode	16	static
../drivers/fsl_pmu.c:668:6:PMU_DisableBandgapSelfBiasAfterPowerUp	16	static
../drivers/fsl_pmu.c:691:6:PMU_EnableBandgapSelfBiasBeforePowerDown	16	static
../drivers/fsl_pmu.c:705:6:PMU_StaticBandgapInit	24	static
../drivers/fsl_pmu.c:731:6:PMU_WellBiasInit	24	static
../drivers/fsl_pmu.c:758:6:PMU_GetWellBiasDefaultConfig	16	static
../drivers/fsl_pmu.c:775:6:PMU_SetBodyBiasControlMode	24	static
../drivers/fsl_pmu.c:822:6:PMU_EnableBodyBias	24	static
../drivers/fsl_pmu.c:901:6:PMU_GPCEnableBodyBias	32	static
../drivers/fsl_pmu.c:915:6:PMU_GPCEnableBodyBiasStandbyMode	32	static
../drivers/fsl_pmu.c:927:6:PMU_GPCGetBodyBiasDefaultConfig	16	static
../drivers/fsl_pmu.c:943:6:PMU_GPCSetBodyBiasConfig	32	static
