../drivers/fsl_clock.h:2071:24:CLOCK_GetRootClockMux	16	static
../drivers/fsl_clock.h:2112:24:CLOCK_GetRootClockDiv	16	static
../drivers/fsl_clock.h:2178:20:CLOCK_ControlGate	16	static
../drivers/fsl_clock.h:2197:20:CLOCK_EnableClock	16	static
../drivers/fsl_clock.h:2240:24:CLOCK_GetRootClockFreq	32	static
../drivers/fsl_clock.h:2254:24:CLOCK_GetM7Freq	8	static
../drivers/fsl_clock.h:3146:20:CLOCK_ROOT_ControlByUnassignedMode	16	static
../drivers/fsl_clock.h:3161:20:CLOCK_ROOT_ConfigSetPoint	24	static
../drivers/fsl_clock.h:3180:20:CLOCK_ROOT_EnableSetPointControl	16	static
../drivers/fsl_clock.c:118:6:CLOCK_InitArmPll	24	static
../drivers/fsl_clock.c:175:6:CLOCK_DeinitArmPll	16	static
../drivers/fsl_clock.c:184:6:CLOCK_CalcPllSpreadSpectrum	24	static
../drivers/fsl_clock.c:193:6:CLOCK_InitSysPll2	24	static
../drivers/fsl_clock.c:273:6:CLOCK_DeinitSysPll2	4	static
../drivers/fsl_clock.c:295:6:CLOCK_IsSysPll2PfdEnabled	16	static
../drivers/fsl_clock.c:303:6:CLOCK_InitPfd	40	static
../drivers/fsl_clock.c:358:6:CLOCK_DeinitPfd	24	static
../drivers/fsl_clock.c:387:10:CLOCK_GetPfdFreq	24	static
../drivers/fsl_clock.c:439:6:CLOCK_InitSysPll3	16	static
../drivers/fsl_clock.c:497:6:CLOCK_DeinitSysPll3	4	static
../drivers/fsl_clock.c:517:6:CLOCK_IsSysPll3PfdEnabled	16	static
../drivers/fsl_clock.c:523:6:CLOCK_SetPllBypass	16	static
../drivers/fsl_clock.c:554:13:ANATOP_PllSetPower	16	static
../drivers/fsl_clock.c:560:13:ANATOP_PllBypass	16	static
../drivers/fsl_clock.c:565:13:ANATOP_PllEnablePllReg	16	static
../drivers/fsl_clock.c:570:13:ANATOP_PllHoldRingOff	16	static
../drivers/fsl_clock.c:575:13:ANATOP_PllToggleHoldRingOff	16	static
../drivers/fsl_clock.c:582:13:ANATOP_PllEnableSs	16	static
../drivers/fsl_clock.c:587:13:ANATOP_PllEnableClk	16	static
../drivers/fsl_clock.c:592:13:ANATOP_PllConfigure	24	static
../drivers/fsl_clock.c:617:13:ANATOP_AudioPllGate	16	static
../drivers/fsl_clock.c:629:13:ANATOP_AudioPllSwEnClk	16	static
../drivers/fsl_clock.c:641:10:CLOCK_InitAudioPllWithFreq	48	static
../drivers/fsl_clock.c:660:6:CLOCK_InitAudioPll	40	static
../drivers/fsl_clock.c:711:6:CLOCK_DeinitAudioPll	8	static
../drivers/fsl_clock.c:721:6:CLOCK_GPC_SetAudioPllOutputFreq	16	static
../drivers/fsl_clock.c:737:13:ANATOP_VideoPllGate	16	static
../drivers/fsl_clock.c:749:13:ANATOP_VideoPllSwEnClk	16	static
../drivers/fsl_clock.c:761:10:CLOCK_CalcArmPllFreq	24	static
../drivers/fsl_clock.c:809:10:CLOCK_InitArmPllWithFreq	24	static
../drivers/fsl_clock.c:820:10:CLOCK_CalcAvPllFreq	24	static
../drivers/fsl_clock.c:890:10:CLOCK_InitVideoPllWithFreq	48	static
../drivers/fsl_clock.c:909:6:CLOCK_InitVideoPll	40	static
../drivers/fsl_clock.c:960:6:CLOCK_DeinitVideoPll	8	static
../drivers/fsl_clock.c:970:6:CLOCK_GPC_SetVideoPllOutputFreq	16	static
../drivers/fsl_clock.c:987:13:ANATOP_SysPll1Gate	16	static
../drivers/fsl_clock.c:999:13:ANATOP_SysPll1Div2En	16	static
../drivers/fsl_clock.c:1011:13:ANATOP_SysPll1Div5En	16	static
../drivers/fsl_clock.c:1023:13:ANATOP_SysPll1SwEnClk	16	static
../drivers/fsl_clock.c:1035:13:ANATOP_SysPll1WaitStable	16	static
../drivers/fsl_clock.c:1046:6:CLOCK_InitSysPll1	40	static
../drivers/fsl_clock.c:1090:6:CLOCK_DeinitSysPll1	8	static
../drivers/fsl_clock.c:1102:6:CLOCK_GPC_SetSysPll1OutputFreq	16	static
../drivers/fsl_clock.c:1119:6:CLOCK_OSC_EnableOsc24M	4	static
../drivers/fsl_clock.c:1137:6:CLOCK_OSC_SetOsc24MWorkMode	24	static
../drivers/fsl_clock.c:1159:6:CLOCK_OSC_SetOsc16MConfig	24	static
../drivers/fsl_clock.c:1178:6:CLOCK_OSC_SetOscRc400MRefClkDiv	24	static
../drivers/fsl_clock.c:1193:6:CLOCK_OSC_SetOscRc400MFastClkCount	24	static
../drivers/fsl_clock.c:1212:6:CLOCK_OSC_SetOscRc400MHysteresisValue	24	static
../drivers/fsl_clock.c:1230:6:CLOCK_OSC_BypassOscRc400MTuneLogic	16	static
../drivers/fsl_clock.c:1249:6:CLOCK_OSC_EnableOscRc400MTuneLogic	16	static
../drivers/fsl_clock.c:1268:6:CLOCK_OSC_FreezeOscRc400MTuneValue	16	static
../drivers/fsl_clock.c:1285:6:CLOCK_OSC_SetOscRc400MTuneValue	24	static
../drivers/fsl_clock.c:1303:6:CLOCK_OSC_Set1MHzOutputBehavior	24	static
../drivers/fsl_clock.c:1330:6:CLOCK_OSC_SetLocked1MHzCount	32	static
../drivers/fsl_clock.c:1357:6:CLOCK_OSC_CheckLocked1MHzErrorFlag	16	static
../drivers/fsl_clock.c:1369:6:CLOCK_OSC_ClearLocked1MHzErrorFlag	8	static
../drivers/fsl_clock.c:1379:10:CLOCK_OSC_GetCurrentOscRc400MFastClockCount	16	static
../drivers/fsl_clock.c:1393:9:CLOCK_OSC_GetCurrentOscRc400MTuneValue	16	static
../drivers/fsl_clock.c:1403:17:CLOCK_GetAvPllFreq	64	static
../drivers/fsl_clock.c:1427:10:CLOCK_GetPllFreq	32	static
../drivers/fsl_clock.c:1493:10:CLOCK_GetFreq	24	static
../drivers/fsl_clock.c:1604:6:CLOCK_SetGroupConfig	16	static
../drivers/fsl_clock.c:1613:6:CLOCK_OSC_TrimOscRc400M	16	static
../drivers/fsl_clock.c:1625:6:CLOCK_OSC_EnableOscRc400M	4	static
../drivers/fsl_clock.c:1631:10:CLOCK_GetFreqFromObs	16	static
../drivers/fsl_clock.c:1660:6:CLOCK_EnableUsbhs0Clock	16	static
../drivers/fsl_clock.c:1673:6:CLOCK_EnableUsbhs0PhyPllClock	24	static
../drivers/fsl_clock.c:1771:6:CLOCK_DisableUsbhs0PhyPllClock	4	static
../drivers/fsl_clock.c:1776:6:CLOCK_EnableUsbhs1Clock	16	static
../drivers/fsl_clock.c:1780:6:CLOCK_EnableUsbhs1PhyPllClock	24	static
../drivers/fsl_clock.c:1866:6:CLOCK_DisableUsbhs1PhyPllClock	4	static
../drivers/fsl_clock.c:1872:6:CLOCK_OSCPLL_ControlBySetPointMode	16	static
../drivers/fsl_clock.c:1883:6:CLOCK_OSCPLL_ControlByCpuLowPowerMode	16	static
../drivers/fsl_clock.c:1900:6:CLOCK_ROOT_ControlBySetPointMode	24	static
../drivers/fsl_clock.c:1915:6:CLOCK_LPCG_ControlBySetPointMode	16	static
../drivers/fsl_clock.c:1926:6:CLOCK_LPCG_ControlByCpuLowPowerMode	16	static
