../drivers/fsl_clock.h:2178:20:CLOCK_ControlGate	16	static
../drivers/fsl_clock.h:2197:20:CLOCK_EnableClock	16	static
../drivers/fsl_clock.h:2207:20:CLOCK_DisableClock	16	static
../drivers/fsl_mipi_dsi.h:504:20:DSI_EnableInterrupts	24	static
../drivers/fsl_mipi_dsi.h:519:20:DSI_DisableInterrupts	24	static
../drivers/fsl_mipi_dsi.h:532:20:DSI_GetAndClearInterruptStatus	24	static
../drivers/fsl_mipi_dsi.h:618:20:DSI_SendApbPacket	16	static
../drivers/fsl_mipi_dsi.h:691:24:DSI_GetRxPacketHeader	16	static
../drivers/fsl_mipi_dsi.h:704:34:DSI_GetRxPacketType	16	static
../drivers/fsl_mipi_dsi.c:204:10:DSI_GetInstance	24	static
../drivers/fsl_mipi_dsi.c:223:16:DSI_EncodeDphyPllCn	16	static
../drivers/fsl_mipi_dsi.c:237:16:DSI_EncodeDphyPllCm	16	static
../drivers/fsl_mipi_dsi.c:259:17:DSI_DphyGetPllDivider	64	static
../drivers/fsl_mipi_dsi.c:344:13:DSI_ApbClearRxFifo	24	static
../drivers/fsl_mipi_dsi.c:366:6:DSI_Init	24	static
../drivers/fsl_mipi_dsi.c:429:6:DSI_Deinit	16	static
../drivers/fsl_mipi_dsi.c:453:6:DSI_GetDefaultConfig	16	static
../drivers/fsl_mipi_dsi.c:483:6:DSI_SetDpiConfig	32	static
../drivers/fsl_mipi_dsi.c:576:10:DSI_InitDphy	56	static
../drivers/fsl_mipi_dsi.c:654:6:DSI_DeinitDphy	16	static
../drivers/fsl_mipi_dsi.c:676:6:DSI_GetDphyDefaultConfig	32	static
../drivers/fsl_mipi_dsi.c:781:6:DSI_SetApbPacketControl	24	static
../drivers/fsl_mipi_dsi.c:812:6:DSI_WriteApbTxPayload	32	static
../drivers/fsl_mipi_dsi.c:817:6:DSI_WriteApbTxPayloadExt	40	static
../drivers/fsl_mipi_dsi.c:884:17:DSI_PrepareApbTransfer	40	static
../drivers/fsl_mipi_dsi.c:963:6:DSI_ReadApbRxPayload	32	static
../drivers/fsl_mipi_dsi.c:1007:10:DSI_TransferBlocking	40	static
../drivers/fsl_mipi_dsi.c:1063:17:DSI_HandleResult	32	static
../drivers/fsl_mipi_dsi.c:1139:10:DSI_TransferCreateHandle	32	static
../drivers/fsl_mipi_dsi.c:1181:10:DSI_TransferNonBlocking	40	static
../drivers/fsl_mipi_dsi.c:1226:6:DSI_TransferAbort	16	static
../drivers/fsl_mipi_dsi.c:1261:6:DSI_TransferHandleIRQ	40	static
../drivers/fsl_mipi_dsi.c:1316:6:MIPI_DriverIRQHandler	8	static
