../drivers/fsl_clock.h:2178:20:CLOCK_ControlGate	16	static
../drivers/fsl_clock.h:2197:20:CLOCK_EnableClock	16	static
../drivers/fsl_clock.h:2207:20:CLOCK_DisableClock	16	static
../drivers/fsl_dcdc.c:49:17:DCDC_GetInstance	24	static
../drivers/fsl_dcdc.c:67:17:DCDC_ConvertByteArrayToWord	24	static
../drivers/fsl_dcdc.c:88:6:DCDC_Init	24	static
../drivers/fsl_dcdc.c:116:6:DCDC_Deinit	16	static
../drivers/fsl_dcdc.c:139:6:DCDC_GetDefaultConfig	16	static
../drivers/fsl_dcdc.c:170:6:DCDC_GetDefaultDetectionConfig	16	static
../drivers/fsl_dcdc.c:193:6:DCDC_SetDetectionConfig	24	static
../drivers/fsl_dcdc.c:242:6:DCDC_SetClockSource	24	static
../drivers/fsl_dcdc.c:280:6:DCDC_GetDefaultLowPowerConfig	16	static
../drivers/fsl_dcdc.c:295:6:DCDC_SetLowPowerConfig	24	static
../drivers/fsl_dcdc.c:328:6:DCDC_GetDefaultLoopControlConfig	16	static
../drivers/fsl_dcdc.c:351:6:DCDC_SetLoopControlConfig	24	static
../drivers/fsl_dcdc.c:404:6:DCDC_SetMinPowerConfig	24	static
../drivers/fsl_dcdc.c:424:6:DCDC_SetInternalRegulatorConfig	24	static
../drivers/fsl_dcdc.c:444:6:DCDC_SetPointInit	16	static
../drivers/fsl_dcdc.c:495:6:DCDC_BootIntoDCM	16	static
../drivers/fsl_dcdc.c:514:6:DCDC_BootIntoCCM	16	static
