C:\Users\nxf77952\Documents\MCUXpressoIDE_11.5.0_7232\workspace\MIMXRT1176_Project_TFT\CMSIS/core_cm7.h:1902:22:__NVIC_EnableIRQ	16	static
../drivers/fsl_clock.h:2178:20:CLOCK_ControlGate	16	static
../drivers/fsl_clock.h:2197:20:CLOCK_EnableClock	16	static
../drivers/fsl_clock.h:2207:20:CLOCK_DisableClock	16	static
../drivers/fsl_common_arm.h:499:24:EnableIRQ	24	static
../drivers/fsl_flexcan.h:1389:24:FLEXCAN_GetStatusFlags	48	static
../drivers/fsl_flexcan.h:1424:20:FLEXCAN_ClearStatusFlags	24	static
../drivers/fsl_flexcan.h:1480:24:FLEXCAN_GetMbStatusFlags	64	static
../drivers/fsl_flexcan.h:1502:20:FLEXCAN_ClearMbStatusFlags	24	static
../drivers/fsl_flexcan.h:1576:20:FLEXCAN_EnableInterrupts	24	static
../drivers/fsl_flexcan.h:1625:20:FLEXCAN_DisableInterrupts	24	static
../drivers/fsl_flexcan.h:1672:20:FLEXCAN_EnableMbInterrupts	24	static
../drivers/fsl_flexcan.h:1694:20:FLEXCAN_DisableMbInterrupts	24	static
../drivers/fsl_flexcan.h:1754:20:FLEXCAN_Enable	16	static
../drivers/fsl_flexcan.c:377:10:FLEXCAN_GetInstance	24	static
../drivers/fsl_flexcan.c:533:6:FLEXCAN_EnterFreezeMode	16	static
../drivers/fsl_flexcan.c:551:6:FLEXCAN_ExitFreezeMode	16	static
../drivers/fsl_flexcan.c:579:13:FLEXCAN_IsMbOccupied	24	static
../drivers/fsl_flexcan.c:656:13:FLEXCAN_IsMbIntEnabled	24	static
../drivers/fsl_flexcan.c:687:13:FLEXCAN_Reset	24	static
../drivers/fsl_flexcan.c:777:13:FLEXCAN_SetBitRate	32	static
../drivers/fsl_flexcan.c:839:13:FLEXCAN_SetFDBitRate	32	static
../drivers/fsl_flexcan.c:901:6:FLEXCAN_Init	56	static
../drivers/fsl_flexcan.c:1057:6:FLEXCAN_FDInit	48	static
../drivers/fsl_flexcan.c:1162:6:FLEXCAN_Deinit	24	static
../drivers/fsl_flexcan.c:1207:6:FLEXCAN_GetDefaultConfig	16	static
../drivers/fsl_flexcan.c:1380:6:FLEXCAN_SetTimingConfig	16	static
../drivers/fsl_flexcan.c:1459:6:FLEXCAN_SetFDTimingConfig	16	static
../drivers/fsl_flexcan.c:1506:6:FLEXCAN_SetRxMbGlobalMask	16	static
../drivers/fsl_flexcan.c:1528:6:FLEXCAN_SetRxFifoGlobalMask	16	static
../drivers/fsl_flexcan.c:1554:6:FLEXCAN_SetRxIndividualMask	24	static
../drivers/fsl_flexcan.c:1580:6:FLEXCAN_SetTxMbConfig	16	static
../drivers/fsl_flexcan.c:1614:13:FLEXCAN_GetSegments	48	static
../drivers/fsl_flexcan.c:1737:6:FLEXCAN_CalculateImprovedTimingValues	64	static
../drivers/fsl_flexcan.c:1831:17:FLEXCAN_GetFDMailboxOffset	24	static
../drivers/fsl_flexcan.c:1869:13:FLEXCAN_FDGetSegments	48	static
../drivers/fsl_flexcan.c:1973:13:FLEXCAN_CalculateImprovedNominalTimingValues	80	static
../drivers/fsl_flexcan.c:2104:6:FLEXCAN_FDCalculateImprovedTimingValues	48	static
../drivers/fsl_flexcan.c:2206:6:FLEXCAN_SetFDTxMbConfig	32	static
../drivers/fsl_flexcan.c:2271:6:FLEXCAN_SetRxMbConfig	32	static
../drivers/fsl_flexcan.c:2327:6:FLEXCAN_SetFDRxMbConfig	48	static
../drivers/fsl_flexcan.c:2393:6:FLEXCAN_SetRxFifoConfig	40	static
../drivers/fsl_flexcan.c:2585:6:FLEXCAN_EnableRxFifoDMA	16	static
../drivers/fsl_flexcan.c:2621:6:FLEXCAN_GetMemoryErrorReportStatus	24	static
../drivers/fsl_flexcan.c:2766:10:FLEXCAN_WriteTxMb	32	static
../drivers/fsl_flexcan.c:2843:10:FLEXCAN_WriteFDTxMb	56	static
../drivers/fsl_flexcan.c:2939:10:FLEXCAN_ReadRxMb	40	static
../drivers/fsl_flexcan.c:3020:10:FLEXCAN_ReadFDRxMb	56	static
../drivers/fsl_flexcan.c:3114:10:FLEXCAN_ReadRxFifo	24	static
../drivers/fsl_flexcan.c:3224:10:FLEXCAN_TransferSendBlocking	64	static
../drivers/fsl_flexcan.c:3273:10:FLEXCAN_TransferReceiveBlocking	56	static
../drivers/fsl_flexcan.c:3309:10:FLEXCAN_TransferFDSendBlocking	72	static
../drivers/fsl_flexcan.c:3360:10:FLEXCAN_TransferFDReceiveBlocking	56	static
../drivers/fsl_flexcan.c:3395:10:FLEXCAN_TransferReceiveFifoBlocking	24	static
../drivers/fsl_flexcan.c:3455:6:FLEXCAN_TransferCreateHandle	32	static
../drivers/fsl_flexcan.c:3540:10:FLEXCAN_TransferSendNonBlocking	56	static
../drivers/fsl_flexcan.c:3604:10:FLEXCAN_TransferReceiveNonBlocking	56	static
../drivers/fsl_flexcan.c:3657:10:FLEXCAN_TransferFDSendNonBlocking	56	static
../drivers/fsl_flexcan.c:3722:10:FLEXCAN_TransferFDReceiveNonBlocking	56	static
../drivers/fsl_flexcan.c:3774:10:FLEXCAN_TransferReceiveFifoNonBlocking	32	static
../drivers/fsl_flexcan.c:3902:6:FLEXCAN_TransferAbortSend	56	static
../drivers/fsl_flexcan.c:3942:6:FLEXCAN_TransferFDAbortSend	64	static
../drivers/fsl_flexcan.c:3985:6:FLEXCAN_TransferFDAbortReceive	48	static
../drivers/fsl_flexcan.c:4018:6:FLEXCAN_TransferAbortReceive	48	static
../drivers/fsl_flexcan.c:4049:6:FLEXCAN_TransferAbortReceiveFifo	16	static
../drivers/fsl_flexcan.c:4120:10:FLEXCAN_GetTimeStamp	16	static
../drivers/fsl_flexcan.c:4134:13:FLEXCAN_CheckUnhandleInterruptEvents	104	static
../drivers/fsl_flexcan.c:4179:17:FLEXCAN_SubHandlerForDataTransfered	80	static
../drivers/fsl_flexcan.c:4450:6:FLEXCAN_TransferHandleIRQ	88	static
../drivers/fsl_flexcan.c:4516:6:CAN1_DriverIRQHandler	8	static
../drivers/fsl_flexcan.c:4527:6:CAN2_DriverIRQHandler	8	static
../drivers/fsl_flexcan.c:4538:6:CAN3_DriverIRQHandler	8	static
