../drivers/fsl_clock.h:2178:20:CLOCK_ControlGate	16	static
../drivers/fsl_clock.h:2197:20:CLOCK_EnableClock	16	static
../drivers/fsl_clock.h:2207:20:CLOCK_DisableClock	16	static
../drivers/fsl_pxp.h:586:20:PXP_Start	16	static
../drivers/fsl_pxp.h:705:20:PXP_ClearStatusFlags	16	static
../drivers/fsl_pxp.h:756:20:PXP_EnableInterrupts	16	static
../drivers/fsl_pxp.c:149:17:PXP_GetInstance	24	static
../drivers/fsl_pxp.c:208:13:PXP_GetScalerParam	32	static
../drivers/fsl_pxp.c:246:13:PXP_ResetToInit	24	static
../drivers/fsl_pxp.c:280:6:PXP_Init	32	static
../drivers/fsl_pxp.c:300:6:PXP_Deinit	24	static
../drivers/fsl_pxp.c:315:6:PXP_Reset	16	static
../drivers/fsl_pxp.c:327:6:PXP_SetAlphaSurfaceBufferConfig	16	static
../drivers/fsl_pxp.c:343:6:PXP_SetAlphaSurfaceBlendConfig	24	static
../drivers/fsl_pxp.c:371:6:PXP_SetAlphaSurfacePosition	24	static
../drivers/fsl_pxp.c:392:6:PXP_SetAlphaSurfaceOverlayColorKey	24	static
../drivers/fsl_pxp.c:404:6:PXP_SetProcessSurfaceBufferConfig	16	static
../drivers/fsl_pxp.c:428:6:PXP_SetProcessSurfaceScaler	40	static
../drivers/fsl_pxp.c:452:6:PXP_SetProcessSurfacePosition	24	static
../drivers/fsl_pxp.c:469:6:PXP_SetProcessSurfaceColorKey	24	static
../drivers/fsl_pxp.c:481:6:PXP_SetOutputBufferConfig	16	static
../drivers/fsl_pxp.c:524:6:PXP_SetNextCommand	24	static
../drivers/fsl_pxp.c:587:6:PXP_SetCsc1Mode	16	static
../drivers/fsl_pxp.c:794:6:PXP_SetPorterDuffConfig	24	static
../drivers/fsl_pxp.c:817:10:PXP_GetPorterDuffConfig	24	static
../drivers/fsl_pxp.c:910:13:PXP_StartRectCopy	72	static
../drivers/fsl_pxp.c:977:10:PXP_StartPictureCopy	56	static
../drivers/fsl_pxp.c:1017:10:PXP_StartMemCopy	48	static
