../lvgl/lvgl/src/extra/widgets/meter/../../../../src/misc/lv_math.h:49:45:lv_trigo_cos	16	static
../lvgl/lvgl/src/extra/widgets/meter/../../../../src/hal/../misc/lv_color.h:459:48:lv_color_mix	24	static
../lvgl/lvgl/src/extra/widgets/meter/../../../../src/hal/../misc/lv_area.h:133:26:lv_area_get_width	16	static
../lvgl/lvgl/src/extra/widgets/meter/../../../../src/hal/../misc/lv_area.h:143:26:lv_area_get_height	16	static
../lvgl/lvgl/src/extra/widgets/meter/../../../../src/core/lv_obj_style_gen.h:1:26:lv_obj_get_style_width	24	static
../lvgl/lvgl/src/extra/widgets/meter/../../../../src/core/lv_obj_style_gen.h:19:26:lv_obj_get_style_height	24	static
../lvgl/lvgl/src/extra/widgets/meter/../../../../src/core/lv_obj_style_gen.h:139:24:lv_obj_get_style_opa	24	static
../lvgl/lvgl/src/extra/widgets/meter/../../../../src/core/lv_obj_style_gen.h:505:20:lv_obj_get_style_arc_rounded	24	static
../lvgl/lvgl/src/extra/widgets/meter/lv_meter.c:52:12:lv_meter_create	24	static
../lvgl/lvgl/src/extra/widgets/meter/lv_meter.c:64:20:lv_meter_add_scale	24	static
../lvgl/lvgl/src/extra/widgets/meter/lv_meter.c:84:6:lv_meter_set_scale_ticks	24	static
../lvgl/lvgl/src/extra/widgets/meter/lv_meter.c:93:6:lv_meter_set_scale_major_ticks	24	static
../lvgl/lvgl/src/extra/widgets/meter/lv_meter.c:103:6:lv_meter_set_scale_range	24	static
../lvgl/lvgl/src/extra/widgets/meter/lv_meter.c:116:24:lv_meter_add_needle_line	32	static
../lvgl/lvgl/src/extra/widgets/meter/lv_meter.c:134:24:lv_meter_add_needle_img	32	static
../lvgl/lvgl/src/extra/widgets/meter/lv_meter.c:152:24:lv_meter_add_arc	32	static
../lvgl/lvgl/src/extra/widgets/meter/lv_meter.c:170:24:lv_meter_add_scale_lines	32	static
../lvgl/lvgl/src/extra/widgets/meter/lv_meter.c:193:6:lv_meter_set_indicator_value	32	static
../lvgl/lvgl/src/extra/widgets/meter/lv_meter.c:213:6:lv_meter_set_indicator_start_value	32	static
../lvgl/lvgl/src/extra/widgets/meter/lv_meter.c:230:6:lv_meter_set_indicator_end_value	32	static
../lvgl/lvgl/src/extra/widgets/meter/lv_meter.c:251:13:lv_meter_constructor	24	static
../lvgl/lvgl/src/extra/widgets/meter/lv_meter.c:264:13:lv_meter_destructor	24	static
../lvgl/lvgl/src/extra/widgets/meter/lv_meter.c:273:13:lv_meter_event	112	static
../lvgl/lvgl/src/extra/widgets/meter/lv_meter.c:310:13:draw_arcs	88	static
../lvgl/lvgl/src/extra/widgets/meter/lv_meter.c:340:13:draw_ticks_and_labels	432	static
../lvgl/lvgl/src/extra/widgets/meter/lv_meter.c:534:13:draw_needles	128	static
../lvgl/lvgl/src/extra/widgets/meter/lv_meter.c:590:13:inv_arc	96	static
../lvgl/lvgl/src/extra/widgets/meter/lv_meter.c:614:13:inv_line	96	static
