../startup/startup_mimxrt1176_cm7.c:804:6:data_init	4	static
../startup/startup_mimxrt1176_cm7.c:818:6:bss_init	4	static
../startup/startup_mimxrt1176_cm7.c:848:6:ResetISR	0	static
../startup/startup_mimxrt1176_cm7.c:945:14:NMI_Handler	0	static
../startup/startup_mimxrt1176_cm7.c:949:14:HardFault_Handler	0	static
../startup/startup_mimxrt1176_cm7.c:953:14:MemManage_Handler	0	static
../startup/startup_mimxrt1176_cm7.c:957:14:BusFault_Handler	0	static
../startup/startup_mimxrt1176_cm7.c:961:14:UsageFault_Handler	0	static
../startup/startup_mimxrt1176_cm7.c:965:14:SVC_Handler	0	static
../startup/startup_mimxrt1176_cm7.c:969:14:DebugMon_Handler	0	static
../startup/startup_mimxrt1176_cm7.c:973:14:PendSV_Handler	0	static
../startup/startup_mimxrt1176_cm7.c:977:14:SysTick_Handler	0	static
../startup/startup_mimxrt1176_cm7.c:985:14:IntDefaultHandler	0	static
../startup/startup_mimxrt1176_cm7.c:995:11:DMA0_DMA16_IRQHandler	8	static
../startup/startup_mimxrt1176_cm7.c:999:11:DMA1_DMA17_IRQHandler	8	static
../startup/startup_mimxrt1176_cm7.c:1003:11:DMA2_DMA18_IRQHandler	8	static
../startup/startup_mimxrt1176_cm7.c:1007:11:DMA3_DMA19_IRQHandler	8	static
../startup/startup_mimxrt1176_cm7.c:1011:11:DMA4_DMA20_IRQHandler	8	static
../startup/startup_mimxrt1176_cm7.c:1015:11:DMA5_DMA21_IRQHandler	8	static
../startup/startup_mimxrt1176_cm7.c:1019:11:DMA6_DMA22_IRQHandler	8	static
../startup/startup_mimxrt1176_cm7.c:1023:11:DMA7_DMA23_IRQHandler	8	static
../startup/startup_mimxrt1176_cm7.c:1027:11:DMA8_DMA24_IRQHandler	8	static
../startup/startup_mimxrt1176_cm7.c:1031:11:DMA9_DMA25_IRQHandler	8	static
../startup/startup_mimxrt1176_cm7.c:1035:11:DMA10_DMA26_IRQHandler	8	static
../startup/startup_mimxrt1176_cm7.c:1039:11:DMA11_DMA27_IRQHandler	8	static
../startup/startup_mimxrt1176_cm7.c:1043:11:DMA12_DMA28_IRQHandler	8	static
../startup/startup_mimxrt1176_cm7.c:1047:11:DMA13_DMA29_IRQHandler	8	static
../startup/startup_mimxrt1176_cm7.c:1051:11:DMA14_DMA30_IRQHandler	8	static
../startup/startup_mimxrt1176_cm7.c:1055:11:DMA15_DMA31_IRQHandler	8	static
../startup/startup_mimxrt1176_cm7.c:1059:11:DMA_ERROR_IRQHandler	8	static
../startup/startup_mimxrt1176_cm7.c:1063:11:CTI_TRIGGER_OUT0_IRQHandler	8	static
../startup/startup_mimxrt1176_cm7.c:1067:11:CTI_TRIGGER_OUT1_IRQHandler	8	static
../startup/startup_mimxrt1176_cm7.c:1071:11:CORE_IRQHandler	8	static
../startup/startup_mimxrt1176_cm7.c:1075:11:LPUART1_IRQHandler	8	static
../startup/startup_mimxrt1176_cm7.c:1079:11:LPUART2_IRQHandler	8	static
../startup/startup_mimxrt1176_cm7.c:1083:11:LPUART3_IRQHandler	8	static
../startup/startup_mimxrt1176_cm7.c:1087:11:LPUART4_IRQHandler	8	static
../startup/startup_mimxrt1176_cm7.c:1091:11:LPUART5_IRQHandler	8	static
../startup/startup_mimxrt1176_cm7.c:1095:11:LPUART6_IRQHandler	8	static
../startup/startup_mimxrt1176_cm7.c:1099:11:LPUART7_IRQHandler	8	static
../startup/startup_mimxrt1176_cm7.c:1103:11:LPUART8_IRQHandler	8	static
../startup/startup_mimxrt1176_cm7.c:1107:11:LPUART9_IRQHandler	8	static
../startup/startup_mimxrt1176_cm7.c:1111:11:LPUART10_IRQHandler	8	static
../startup/startup_mimxrt1176_cm7.c:1115:11:LPUART11_IRQHandler	8	static
../startup/startup_mimxrt1176_cm7.c:1119:11:LPUART12_IRQHandler	8	static
../startup/startup_mimxrt1176_cm7.c:1123:11:LPI2C1_IRQHandler	8	static
../startup/startup_mimxrt1176_cm7.c:1127:11:LPI2C2_IRQHandler	8	static
../startup/startup_mimxrt1176_cm7.c:1131:11:LPI2C3_IRQHandler	8	static
../startup/startup_mimxrt1176_cm7.c:1135:11:LPI2C4_IRQHandler	8	static
../startup/startup_mimxrt1176_cm7.c:1139:11:LPI2C5_IRQHandler	8	static
../startup/startup_mimxrt1176_cm7.c:1143:11:LPI2C6_IRQHandler	8	static
../startup/startup_mimxrt1176_cm7.c:1147:11:LPSPI1_IRQHandler	8	static
../startup/startup_mimxrt1176_cm7.c:1151:11:LPSPI2_IRQHandler	8	static
../startup/startup_mimxrt1176_cm7.c:1155:11:LPSPI3_IRQHandler	8	static
../startup/startup_mimxrt1176_cm7.c:1159:11:LPSPI4_IRQHandler	8	static
../startup/startup_mimxrt1176_cm7.c:1163:11:LPSPI5_IRQHandler	8	static
../startup/startup_mimxrt1176_cm7.c:1167:11:LPSPI6_IRQHandler	8	static
../startup/startup_mimxrt1176_cm7.c:1171:11:CAN1_IRQHandler	8	static
../startup/startup_mimxrt1176_cm7.c:1175:11:CAN1_ERROR_IRQHandler	8	static
../startup/startup_mimxrt1176_cm7.c:1179:11:CAN2_IRQHandler	8	static
../startup/startup_mimxrt1176_cm7.c:1183:11:CAN2_ERROR_IRQHandler	8	static
../startup/startup_mimxrt1176_cm7.c:1187:11:CAN3_IRQHandler	8	static
../startup/startup_mimxrt1176_cm7.c:1191:11:CAN3_ERROR_IRQHandler	8	static
../startup/startup_mimxrt1176_cm7.c:1195:11:FLEXRAM_IRQHandler	8	static
../startup/startup_mimxrt1176_cm7.c:1199:11:KPP_IRQHandler	8	static
../startup/startup_mimxrt1176_cm7.c:1203:11:Reserved68_IRQHandler	8	static
../startup/startup_mimxrt1176_cm7.c:1207:11:GPR_IRQ_IRQHandler	8	static
../startup/startup_mimxrt1176_cm7.c:1211:11:eLCDIF_IRQHandler	8	static
../startup/startup_mimxrt1176_cm7.c:1215:11:LCDIFv2_IRQHandler	8	static
../startup/startup_mimxrt1176_cm7.c:1219:11:CSI_IRQHandler	8	static
../startup/startup_mimxrt1176_cm7.c:1223:11:PXP_IRQHandler	8	static
../startup/startup_mimxrt1176_cm7.c:1227:11:MIPI_CSI_IRQHandler	8	static
../startup/startup_mimxrt1176_cm7.c:1231:11:MIPI_DSI_IRQHandler	8	static
../startup/startup_mimxrt1176_cm7.c:1235:11:GPU2D_IRQHandler	8	static
../startup/startup_mimxrt1176_cm7.c:1239:11:GPIO6_Combined_0_15_IRQHandler	8	static
../startup/startup_mimxrt1176_cm7.c:1243:11:GPIO6_Combined_16_31_IRQHandler	8	static
../startup/startup_mimxrt1176_cm7.c:1247:11:DAC_IRQHandler	8	static
../startup/startup_mimxrt1176_cm7.c:1251:11:KEY_MANAGER_IRQHandler	8	static
../startup/startup_mimxrt1176_cm7.c:1255:11:WDOG2_IRQHandler	8	static
../startup/startup_mimxrt1176_cm7.c:1259:11:SNVS_HP_NON_TZ_IRQHandler	8	static
../startup/startup_mimxrt1176_cm7.c:1263:11:SNVS_HP_TZ_IRQHandler	8	static
../startup/startup_mimxrt1176_cm7.c:1267:11:SNVS_PULSE_EVENT_IRQHandler	8	static
../startup/startup_mimxrt1176_cm7.c:1271:11:CAAM_IRQ0_IRQHandler	8	static
../startup/startup_mimxrt1176_cm7.c:1275:11:CAAM_IRQ1_IRQHandler	8	static
../startup/startup_mimxrt1176_cm7.c:1279:11:CAAM_IRQ2_IRQHandler	8	static
../startup/startup_mimxrt1176_cm7.c:1283:11:CAAM_IRQ3_IRQHandler	8	static
../startup/startup_mimxrt1176_cm7.c:1287:11:CAAM_RECORVE_ERRPR_IRQHandler	8	static
../startup/startup_mimxrt1176_cm7.c:1291:11:CAAM_RTIC_IRQHandler	8	static
../startup/startup_mimxrt1176_cm7.c:1295:11:CDOG_IRQHandler	8	static
../startup/startup_mimxrt1176_cm7.c:1299:11:SAI1_IRQHandler	8	static
../startup/startup_mimxrt1176_cm7.c:1303:11:SAI2_IRQHandler	8	static
../startup/startup_mimxrt1176_cm7.c:1307:11:SAI3_RX_IRQHandler	8	static
../startup/startup_mimxrt1176_cm7.c:1311:11:SAI3_TX_IRQHandler	8	static
../startup/startup_mimxrt1176_cm7.c:1315:11:SAI4_RX_IRQHandler	8	static
../startup/startup_mimxrt1176_cm7.c:1319:11:SAI4_TX_IRQHandler	8	static
../startup/startup_mimxrt1176_cm7.c:1323:11:SPDIF_IRQHandler	8	static
../startup/startup_mimxrt1176_cm7.c:1327:11:TMPSNS_INT_IRQHandler	8	static
../startup/startup_mimxrt1176_cm7.c:1331:11:TMPSNS_LOW_HIGH_IRQHandler	8	static
../startup/startup_mimxrt1176_cm7.c:1335:11:TMPSNS_PANIC_IRQHandler	8	static
../startup/startup_mimxrt1176_cm7.c:1339:11:LPSR_LP8_BROWNOUT_IRQHandler	8	static
../startup/startup_mimxrt1176_cm7.c:1343:11:LPSR_LP0_BROWNOUT_IRQHandler	8	static
../startup/startup_mimxrt1176_cm7.c:1347:11:ADC1_IRQHandler	8	static
../startup/startup_mimxrt1176_cm7.c:1351:11:ADC2_IRQHandler	8	static
../startup/startup_mimxrt1176_cm7.c:1355:11:USBPHY1_IRQHandler	8	static
../startup/startup_mimxrt1176_cm7.c:1359:11:USBPHY2_IRQHandler	8	static
../startup/startup_mimxrt1176_cm7.c:1363:11:RDC_IRQHandler	8	static
../startup/startup_mimxrt1176_cm7.c:1367:11:GPIO13_Combined_0_31_IRQHandler	8	static
../startup/startup_mimxrt1176_cm7.c:1371:11:Reserved110_IRQHandler	8	static
../startup/startup_mimxrt1176_cm7.c:1375:11:DCIC1_IRQHandler	8	static
../startup/startup_mimxrt1176_cm7.c:1379:11:DCIC2_IRQHandler	8	static
../startup/startup_mimxrt1176_cm7.c:1383:11:ASRC_IRQHandler	8	static
../startup/startup_mimxrt1176_cm7.c:1387:11:FLEXRAM_ECC_IRQHandler	8	static
../startup/startup_mimxrt1176_cm7.c:1391:11:CM7_GPIO2_3_IRQHandler	8	static
../startup/startup_mimxrt1176_cm7.c:1395:11:GPIO1_Combined_0_15_IRQHandler	8	static
../startup/startup_mimxrt1176_cm7.c:1399:11:GPIO1_Combined_16_31_IRQHandler	8	static
../startup/startup_mimxrt1176_cm7.c:1403:11:GPIO2_Combined_0_15_IRQHandler	8	static
../startup/startup_mimxrt1176_cm7.c:1407:11:GPIO2_Combined_16_31_IRQHandler	8	static
../startup/startup_mimxrt1176_cm7.c:1411:11:GPIO3_Combined_0_15_IRQHandler	8	static
../startup/startup_mimxrt1176_cm7.c:1415:11:GPIO3_Combined_16_31_IRQHandler	8	static
../startup/startup_mimxrt1176_cm7.c:1419:11:GPIO4_Combined_0_15_IRQHandler	8	static
../startup/startup_mimxrt1176_cm7.c:1423:11:GPIO4_Combined_16_31_IRQHandler	8	static
../startup/startup_mimxrt1176_cm7.c:1427:11:GPIO5_Combined_0_15_IRQHandler	8	static
../startup/startup_mimxrt1176_cm7.c:1431:11:GPIO5_Combined_16_31_IRQHandler	8	static
../startup/startup_mimxrt1176_cm7.c:1435:11:FLEXIO1_IRQHandler	8	static
../startup/startup_mimxrt1176_cm7.c:1439:11:FLEXIO2_IRQHandler	8	static
../startup/startup_mimxrt1176_cm7.c:1443:11:WDOG1_IRQHandler	8	static
../startup/startup_mimxrt1176_cm7.c:1447:11:RTWDOG3_IRQHandler	8	static
../startup/startup_mimxrt1176_cm7.c:1451:11:EWM_IRQHandler	8	static
../startup/startup_mimxrt1176_cm7.c:1455:11:OCOTP_READ_FUSE_ERROR_IRQHandler	8	static
../startup/startup_mimxrt1176_cm7.c:1459:11:OCOTP_READ_DONE_ERROR_IRQHandler	8	static
../startup/startup_mimxrt1176_cm7.c:1463:11:GPC_IRQHandler	8	static
../startup/startup_mimxrt1176_cm7.c:1467:11:MUA_IRQHandler	8	static
../startup/startup_mimxrt1176_cm7.c:1471:11:GPT1_IRQHandler	8	static
../startup/startup_mimxrt1176_cm7.c:1475:11:GPT2_IRQHandler	8	static
../startup/startup_mimxrt1176_cm7.c:1479:11:GPT3_IRQHandler	8	static
../startup/startup_mimxrt1176_cm7.c:1483:11:GPT4_IRQHandler	8	static
../startup/startup_mimxrt1176_cm7.c:1487:11:GPT5_IRQHandler	8	static
../startup/startup_mimxrt1176_cm7.c:1491:11:GPT6_IRQHandler	8	static
../startup/startup_mimxrt1176_cm7.c:1495:11:PWM1_0_IRQHandler	8	static
../startup/startup_mimxrt1176_cm7.c:1499:11:PWM1_1_IRQHandler	8	static
../startup/startup_mimxrt1176_cm7.c:1503:11:PWM1_2_IRQHandler	8	static
../startup/startup_mimxrt1176_cm7.c:1507:11:PWM1_3_IRQHandler	8	static
../startup/startup_mimxrt1176_cm7.c:1511:11:PWM1_FAULT_IRQHandler	8	static
../startup/startup_mimxrt1176_cm7.c:1515:11:FLEXSPI1_IRQHandler	8	static
../startup/startup_mimxrt1176_cm7.c:1519:11:FLEXSPI2_IRQHandler	8	static
../startup/startup_mimxrt1176_cm7.c:1523:11:SEMC_IRQHandler	8	static
../startup/startup_mimxrt1176_cm7.c:1527:11:USDHC1_IRQHandler	8	static
../startup/startup_mimxrt1176_cm7.c:1531:11:USDHC2_IRQHandler	8	static
../startup/startup_mimxrt1176_cm7.c:1535:11:USB_OTG2_IRQHandler	8	static
../startup/startup_mimxrt1176_cm7.c:1539:11:USB_OTG1_IRQHandler	8	static
../startup/startup_mimxrt1176_cm7.c:1543:11:ENET_IRQHandler	8	static
../startup/startup_mimxrt1176_cm7.c:1547:11:ENET_1588_Timer_IRQHandler	8	static
../startup/startup_mimxrt1176_cm7.c:1551:11:ENET_1G_MAC0_Tx_Rx_1_IRQHandler	8	static
../startup/startup_mimxrt1176_cm7.c:1555:11:ENET_1G_MAC0_Tx_Rx_2_IRQHandler	8	static
../startup/startup_mimxrt1176_cm7.c:1559:11:ENET_1G_IRQHandler	8	static
../startup/startup_mimxrt1176_cm7.c:1563:11:ENET_1G_1588_Timer_IRQHandler	8	static
../startup/startup_mimxrt1176_cm7.c:1567:11:XBAR1_IRQ_0_1_IRQHandler	8	static
../startup/startup_mimxrt1176_cm7.c:1571:11:XBAR1_IRQ_2_3_IRQHandler	8	static
../startup/startup_mimxrt1176_cm7.c:1575:11:ADC_ETC_IRQ0_IRQHandler	8	static
../startup/startup_mimxrt1176_cm7.c:1579:11:ADC_ETC_IRQ1_IRQHandler	8	static
../startup/startup_mimxrt1176_cm7.c:1583:11:ADC_ETC_IRQ2_IRQHandler	8	static
../startup/startup_mimxrt1176_cm7.c:1587:11:ADC_ETC_IRQ3_IRQHandler	8	static
../startup/startup_mimxrt1176_cm7.c:1591:11:ADC_ETC_ERROR_IRQ_IRQHandler	8	static
../startup/startup_mimxrt1176_cm7.c:1595:11:Reserved166_IRQHandler	8	static
../startup/startup_mimxrt1176_cm7.c:1599:11:Reserved167_IRQHandler	8	static
../startup/startup_mimxrt1176_cm7.c:1603:11:Reserved168_IRQHandler	8	static
../startup/startup_mimxrt1176_cm7.c:1607:11:Reserved169_IRQHandler	8	static
../startup/startup_mimxrt1176_cm7.c:1611:11:Reserved170_IRQHandler	8	static
../startup/startup_mimxrt1176_cm7.c:1615:11:PIT1_IRQHandler	8	static
../startup/startup_mimxrt1176_cm7.c:1619:11:PIT2_IRQHandler	8	static
../startup/startup_mimxrt1176_cm7.c:1623:11:ACMP1_IRQHandler	8	static
../startup/startup_mimxrt1176_cm7.c:1627:11:ACMP2_IRQHandler	8	static
../startup/startup_mimxrt1176_cm7.c:1631:11:ACMP3_IRQHandler	8	static
../startup/startup_mimxrt1176_cm7.c:1635:11:ACMP4_IRQHandler	8	static
../startup/startup_mimxrt1176_cm7.c:1639:11:Reserved177_IRQHandler	8	static
../startup/startup_mimxrt1176_cm7.c:1643:11:Reserved178_IRQHandler	8	static
../startup/startup_mimxrt1176_cm7.c:1647:11:Reserved179_IRQHandler	8	static
../startup/startup_mimxrt1176_cm7.c:1651:11:Reserved180_IRQHandler	8	static
../startup/startup_mimxrt1176_cm7.c:1655:11:ENC1_IRQHandler	8	static
../startup/startup_mimxrt1176_cm7.c:1659:11:ENC2_IRQHandler	8	static
../startup/startup_mimxrt1176_cm7.c:1663:11:ENC3_IRQHandler	8	static
../startup/startup_mimxrt1176_cm7.c:1667:11:ENC4_IRQHandler	8	static
../startup/startup_mimxrt1176_cm7.c:1671:11:Reserved185_IRQHandler	8	static
../startup/startup_mimxrt1176_cm7.c:1675:11:Reserved186_IRQHandler	8	static
../startup/startup_mimxrt1176_cm7.c:1679:11:TMR1_IRQHandler	8	static
../startup/startup_mimxrt1176_cm7.c:1683:11:TMR2_IRQHandler	8	static
../startup/startup_mimxrt1176_cm7.c:1687:11:TMR3_IRQHandler	8	static
../startup/startup_mimxrt1176_cm7.c:1691:11:TMR4_IRQHandler	8	static
../startup/startup_mimxrt1176_cm7.c:1695:11:SEMA4_CP0_IRQHandler	8	static
../startup/startup_mimxrt1176_cm7.c:1699:11:SEMA4_CP1_IRQHandler	8	static
../startup/startup_mimxrt1176_cm7.c:1703:11:PWM2_0_IRQHandler	8	static
../startup/startup_mimxrt1176_cm7.c:1707:11:PWM2_1_IRQHandler	8	static
../startup/startup_mimxrt1176_cm7.c:1711:11:PWM2_2_IRQHandler	8	static
../startup/startup_mimxrt1176_cm7.c:1715:11:PWM2_3_IRQHandler	8	static
../startup/startup_mimxrt1176_cm7.c:1719:11:PWM2_FAULT_IRQHandler	8	static
../startup/startup_mimxrt1176_cm7.c:1723:11:PWM3_0_IRQHandler	8	static
../startup/startup_mimxrt1176_cm7.c:1727:11:PWM3_1_IRQHandler	8	static
../startup/startup_mimxrt1176_cm7.c:1731:11:PWM3_2_IRQHandler	8	static
../startup/startup_mimxrt1176_cm7.c:1735:11:PWM3_3_IRQHandler	8	static
../startup/startup_mimxrt1176_cm7.c:1739:11:PWM3_FAULT_IRQHandler	8	static
../startup/startup_mimxrt1176_cm7.c:1743:11:PWM4_0_IRQHandler	8	static
../startup/startup_mimxrt1176_cm7.c:1747:11:PWM4_1_IRQHandler	8	static
../startup/startup_mimxrt1176_cm7.c:1751:11:PWM4_2_IRQHandler	8	static
../startup/startup_mimxrt1176_cm7.c:1755:11:PWM4_3_IRQHandler	8	static
../startup/startup_mimxrt1176_cm7.c:1759:11:PWM4_FAULT_IRQHandler	8	static
../startup/startup_mimxrt1176_cm7.c:1763:11:Reserved208_IRQHandler	8	static
../startup/startup_mimxrt1176_cm7.c:1767:11:Reserved209_IRQHandler	8	static
../startup/startup_mimxrt1176_cm7.c:1771:11:Reserved210_IRQHandler	8	static
../startup/startup_mimxrt1176_cm7.c:1775:11:Reserved211_IRQHandler	8	static
../startup/startup_mimxrt1176_cm7.c:1779:11:Reserved212_IRQHandler	8	static
../startup/startup_mimxrt1176_cm7.c:1783:11:Reserved213_IRQHandler	8	static
../startup/startup_mimxrt1176_cm7.c:1787:11:Reserved214_IRQHandler	8	static
../startup/startup_mimxrt1176_cm7.c:1791:11:Reserved215_IRQHandler	8	static
../startup/startup_mimxrt1176_cm7.c:1795:11:HWVAD_EVENT_IRQHandler	8	static
../startup/startup_mimxrt1176_cm7.c:1799:11:HWVAD_ERROR_IRQHandler	8	static
../startup/startup_mimxrt1176_cm7.c:1803:11:PDM_EVENT_IRQHandler	8	static
../startup/startup_mimxrt1176_cm7.c:1807:11:PDM_ERROR_IRQHandler	8	static
../startup/startup_mimxrt1176_cm7.c:1811:11:EMVSIM1_IRQHandler	8	static
../startup/startup_mimxrt1176_cm7.c:1815:11:EMVSIM2_IRQHandler	8	static
../startup/startup_mimxrt1176_cm7.c:1819:11:MECC1_INT_IRQHandler	8	static
../startup/startup_mimxrt1176_cm7.c:1823:11:MECC1_FATAL_INT_IRQHandler	8	static
../startup/startup_mimxrt1176_cm7.c:1827:11:MECC2_INT_IRQHandler	8	static
../startup/startup_mimxrt1176_cm7.c:1831:11:MECC2_FATAL_INT_IRQHandler	8	static
../startup/startup_mimxrt1176_cm7.c:1835:11:XECC_FLEXSPI1_INT_IRQHandler	8	static
../startup/startup_mimxrt1176_cm7.c:1839:11:XECC_FLEXSPI1_FATAL_INT_IRQHandler	8	static
../startup/startup_mimxrt1176_cm7.c:1843:11:XECC_FLEXSPI2_INT_IRQHandler	8	static
../startup/startup_mimxrt1176_cm7.c:1847:11:XECC_FLEXSPI2_FATAL_INT_IRQHandler	8	static
../startup/startup_mimxrt1176_cm7.c:1851:11:XECC_SEMC_INT_IRQHandler	8	static
../startup/startup_mimxrt1176_cm7.c:1855:11:XECC_SEMC_FATAL_INT_IRQHandler	8	static
../startup/startup_mimxrt1176_cm7.c:1859:11:ENET_QOS_IRQHandler	8	static
../startup/startup_mimxrt1176_cm7.c:1863:11:ENET_QOS_PMT_IRQHandler	8	static
