../lvgl/lvgl/src/extra/widgets/span/../../../../src/hal/../misc/lv_area.h:133:26:lv_area_get_width	16	static
../lvgl/lvgl/src/extra/widgets/span/../../../../src/core/../misc/../font/lv_font.h:118:26:lv_font_get_line_height	16	static
../lvgl/lvgl/src/extra/widgets/span/../../../../src/core/../misc/lv_txt.h:163:20:_lv_txt_is_break_char	24	static
../lvgl/lvgl/src/extra/widgets/span/../../../../src/core/lv_obj_style_gen.h:1:26:lv_obj_get_style_width	24	static
../lvgl/lvgl/src/extra/widgets/span/../../../../src/core/lv_obj_style_gen.h:19:26:lv_obj_get_style_height	24	static
../lvgl/lvgl/src/extra/widgets/span/../../../../src/core/lv_obj_style_gen.h:175:31:lv_obj_get_style_blend_mode	24	static
../lvgl/lvgl/src/extra/widgets/span/../../../../src/core/lv_obj_style_gen.h:313:26:lv_obj_get_style_text_color	24	static
../lvgl/lvgl/src/extra/widgets/span/../../../../src/core/lv_obj_style_gen.h:325:24:lv_obj_get_style_text_opa	24	static
../lvgl/lvgl/src/extra/widgets/span/../../../../src/core/lv_obj_style_gen.h:331:33:lv_obj_get_style_text_font	24	static
../lvgl/lvgl/src/extra/widgets/span/../../../../src/core/lv_obj_style_gen.h:337:26:lv_obj_get_style_text_letter_space	24	static
../lvgl/lvgl/src/extra/widgets/span/../../../../src/core/lv_obj_style_gen.h:343:26:lv_obj_get_style_text_line_space	24	static
../lvgl/lvgl/src/extra/widgets/span/../../../../src/core/lv_obj_style_gen.h:355:31:lv_obj_get_style_text_align	24	static
../lvgl/lvgl/src/extra/widgets/span/lv_span.c:92:12:lv_spangroup_create	24	static
../lvgl/lvgl/src/extra/widgets/span/lv_span.c:104:13:lv_spangroup_new_span	24	static
../lvgl/lvgl/src/extra/widgets/span/lv_span.c:129:6:lv_spangroup_del_span	24	static
../lvgl/lvgl/src/extra/widgets/span/lv_span.c:161:6:lv_span_set_text	24	static
../lvgl/lvgl/src/extra/widgets/span/lv_span.c:185:6:lv_span_set_text_static	16	static
../lvgl/lvgl/src/extra/widgets/span/lv_span.c:205:6:lv_spangroup_set_align	16	static
../lvgl/lvgl/src/extra/widgets/span/lv_span.c:215:6:lv_spangroup_set_overflow	24	static
../lvgl/lvgl/src/extra/widgets/span/lv_span.c:229:6:lv_spangroup_set_indent	24	static
../lvgl/lvgl/src/extra/widgets/span/lv_span.c:244:6:lv_spangroup_set_mode	24	static
../lvgl/lvgl/src/extra/widgets/span/lv_span.c:262:17:lv_spangroup_get_align	16	static
../lvgl/lvgl/src/extra/widgets/span/lv_span.c:272:20:lv_spangroup_get_overflow	24	static
../lvgl/lvgl/src/extra/widgets/span/lv_span.c:283:12:lv_spangroup_get_indent	24	static
../lvgl/lvgl/src/extra/widgets/span/lv_span.c:294:16:lv_spangroup_get_mode	24	static
../lvgl/lvgl/src/extra/widgets/span/lv_span.c:304:6:lv_spangroup_refr_mode	32	static
../lvgl/lvgl/src/extra/widgets/span/lv_span.c:341:12:lv_spangroup_get_max_line_h	40	static
../lvgl/lvgl/src/extra/widgets/span/lv_span.c:362:12:lv_spangroup_get_expand_width	56	static
../lvgl/lvgl/src/extra/widgets/span/lv_span.c:393:12:lv_spangroup_get_expand_height	112	static
../lvgl/lvgl/src/extra/widgets/span/lv_span.c:486:13:lv_spangroup_constructor	24	static
../lvgl/lvgl/src/extra/widgets/span/lv_span.c:499:13:lv_spangroup_destructor	24	static
../lvgl/lvgl/src/extra/widgets/span/lv_span.c:515:13:lv_spangroup_event	40	static
../lvgl/lvgl/src/extra/widgets/span/lv_span.c:572:13:draw_main	32	static
../lvgl/lvgl/src/extra/widgets/span/lv_span.c:586:13:lv_txt_get_snippet	40	static
../lvgl/lvgl/src/extra/widgets/span/lv_span.c:603:13:lv_snippet_push	16	static
../lvgl/lvgl/src/extra/widgets/span/lv_span.c:614:17:lv_get_snippet_cnt	4	static
../lvgl/lvgl/src/extra/widgets/span/lv_span.c:619:23:lv_get_snippet	16	static
../lvgl/lvgl/src/extra/widgets/span/lv_span.c:624:13:lv_snippet_clear	4	static
../lvgl/lvgl/src/extra/widgets/span/lv_span.c:629:26:lv_span_get_style_text_font	32	static
../lvgl/lvgl/src/extra/widgets/span/lv_span.c:643:19:lv_span_get_style_text_letter_space	24	static
../lvgl/lvgl/src/extra/widgets/span/lv_span.c:657:19:lv_span_get_style_text_color	24	static
../lvgl/lvgl/src/extra/widgets/span/lv_span.c:667:17:lv_span_get_style_text_opa	24	static
../lvgl/lvgl/src/extra/widgets/span/lv_span.c:681:24:lv_span_get_style_text_blend_mode	24	static
../lvgl/lvgl/src/extra/widgets/span/lv_span.c:695:16:lv_span_get_style_text_decor	32	static
../lvgl/lvgl/src/extra/widgets/span/lv_span.c:711:20:span_text_check	16	static
../lvgl/lvgl/src/extra/widgets/span/lv_span.c:725:13:lv_draw_span	248	static
../lvgl/lvgl/src/extra/widgets/span/lv_span.c:977:13:refresh_self_size	24	static
