../lvgl/lvgl/src/widgets/../core/lv_obj_style_gen.h:91:26:lv_obj_get_style_pad_top	24	static
../lvgl/lvgl/src/widgets/../core/lv_obj_style_gen.h:97:26:lv_obj_get_style_pad_bottom	24	static
../lvgl/lvgl/src/widgets/../core/lv_obj_style_gen.h:103:26:lv_obj_get_style_pad_left	24	static
../lvgl/lvgl/src/widgets/../core/lv_obj_style_gen.h:109:26:lv_obj_get_style_pad_right	24	static
../lvgl/lvgl/src/widgets/../core/lv_obj_style_gen.h:499:26:lv_obj_get_style_arc_width	24	static
../lvgl/lvgl/src/widgets/../core/lv_obj_style_gen.h:505:20:lv_obj_get_style_arc_rounded	24	static
../lvgl/lvgl/src/widgets/lv_arc.c:65:12:lv_arc_create	24	static
../lvgl/lvgl/src/widgets/lv_arc.c:90:6:lv_arc_set_start_angle	24	static
../lvgl/lvgl/src/widgets/lv_arc.c:124:6:lv_arc_set_end_angle	24	static
../lvgl/lvgl/src/widgets/lv_arc.c:157:6:lv_arc_set_angles	24	static
../lvgl/lvgl/src/widgets/lv_arc.c:178:6:lv_arc_set_bg_start_angle	24	static
../lvgl/lvgl/src/widgets/lv_arc.c:212:6:lv_arc_set_bg_end_angle	24	static
../lvgl/lvgl/src/widgets/lv_arc.c:248:6:lv_arc_set_bg_angles	24	static
../lvgl/lvgl/src/widgets/lv_arc.c:272:6:lv_arc_set_rotation	24	static
../lvgl/lvgl/src/widgets/lv_arc.c:288:6:lv_arc_set_mode	32	static
../lvgl/lvgl/src/widgets/lv_arc.c:322:6:lv_arc_set_value	24	static
../lvgl/lvgl/src/widgets/lv_arc.c:345:6:lv_arc_set_range	24	static
../lvgl/lvgl/src/widgets/lv_arc.c:371:6:lv_arc_set_change_rate	24	static
../lvgl/lvgl/src/widgets/lv_arc.c:388:10:lv_arc_get_angle_start	16	static
../lvgl/lvgl/src/widgets/lv_arc.c:399:11:lv_arc_get_angle_end	16	static
../lvgl/lvgl/src/widgets/lv_arc.c:410:10:lv_arc_get_bg_angle_start	16	static
../lvgl/lvgl/src/widgets/lv_arc.c:421:10:lv_arc_get_bg_angle_end	16	static
../lvgl/lvgl/src/widgets/lv_arc.c:433:9:lv_arc_get_value	16	static
../lvgl/lvgl/src/widgets/lv_arc.c:444:9:lv_arc_get_min_value	16	static
../lvgl/lvgl/src/widgets/lv_arc.c:455:9:lv_arc_get_max_value	16	static
../lvgl/lvgl/src/widgets/lv_arc.c:466:15:lv_arc_get_mode	16	static
../lvgl/lvgl/src/widgets/lv_arc.c:484:13:lv_arc_constructor	24	static
../lvgl/lvgl/src/widgets/lv_arc.c:515:13:lv_arc_event	128	static
../lvgl/lvgl/src/widgets/lv_arc.c:680:13:lv_arc_draw	216	static
../lvgl/lvgl/src/widgets/lv_arc.c:754:13:inv_arc_area	80	static
../lvgl/lvgl/src/widgets/lv_arc.c:877:13:get_center	48	static
../lvgl/lvgl/src/widgets/lv_arc.c:895:13:get_knob_area	64	static
../lvgl/lvgl/src/widgets/lv_arc.c:934:13:value_update	48	static
