../lvgl/lvgl/src/widgets/../core/../misc/../font/../misc/lv_area.h:120:20:lv_area_copy	16	static
../lvgl/lvgl/src/widgets/../core/../misc/lv_color.h:395:24:lv_color_to32	24	static
../lvgl/lvgl/src/widgets/../core/../misc/lv_color.h:459:48:lv_color_mix	24	static
../lvgl/lvgl/src/widgets/../core/../misc/lv_color.h:535:42:lv_color_mix_with_alpha	24	static
../lvgl/lvgl/src/widgets/../core/../misc/lv_color.h:594:23:lv_color_brightness	24	static
../lvgl/lvgl/src/widgets/../core/../misc/lv_color.h:602:26:lv_color_make	16	static
../lvgl/lvgl/src/widgets/../core/../misc/lv_color.h:607:26:lv_color_hex	16	static
../lvgl/lvgl/src/widgets/../core/../misc/lv_color.h:674:26:lv_color_white	8	static
../lvgl/lvgl/src/widgets/../core/../misc/lv_color.h:675:26:lv_color_black	8	static
../lvgl/lvgl/src/widgets/../core/lv_obj_style_gen.h:367:26:lv_obj_get_style_img_recolor	24	static
../lvgl/lvgl/src/widgets/lv_canvas.c:67:12:lv_canvas_create	24	static
../lvgl/lvgl/src/widgets/lv_canvas.c:79:6:lv_canvas_set_buffer	32	static
../lvgl/lvgl/src/widgets/lv_canvas.c:94:6:lv_canvas_set_px	32	static
../lvgl/lvgl/src/widgets/lv_canvas.c:104:6:lv_canvas_set_palette	24	static
../lvgl/lvgl/src/widgets/lv_canvas.c:118:12:lv_canvas_get_px	24	static
../lvgl/lvgl/src/widgets/lv_canvas.c:128:16:lv_canvas_get_img	24	static
../lvgl/lvgl/src/widgets/lv_canvas.c:140:6:lv_canvas_copy_buf	48	static
../lvgl/lvgl/src/widgets/lv_canvas.c:163:6:lv_canvas_transform	152	static
../lvgl/lvgl/src/widgets/lv_canvas.c:266:6:lv_canvas_blur_hor	104	static
../lvgl/lvgl/src/widgets/lv_canvas.c:394:6:lv_canvas_blur_ver	104	static
../lvgl/lvgl/src/widgets/lv_canvas.c:527:6:lv_canvas_fill_bg	40	static
../lvgl/lvgl/src/widgets/lv_canvas.c:556:6:lv_canvas_draw_rect	496	static
../lvgl/lvgl/src/widgets/lv_canvas.c:617:6:lv_canvas_draw_text	496	static
../lvgl/lvgl/src/widgets/lv_canvas.c:671:6:lv_canvas_draw_img	496	static
../lvgl/lvgl/src/widgets/lv_canvas.c:732:6:lv_canvas_draw_line	488	static
../lvgl/lvgl/src/widgets/lv_canvas.c:789:6:lv_canvas_draw_polygon	488	static
../lvgl/lvgl/src/widgets/lv_canvas.c:844:6:lv_canvas_draw_arc	504	static
../lvgl/lvgl/src/widgets/lv_canvas.c:914:13:lv_canvas_constructor	24	static
../lvgl/lvgl/src/widgets/lv_canvas.c:933:13:set_set_px_cb	16	static
../lvgl/lvgl/src/widgets/lv_canvas.c:956:13:set_px_cb_alpha1	48	static
../lvgl/lvgl/src/widgets/lv_canvas.c:970:13:set_px_cb_alpha2	48	static
../lvgl/lvgl/src/widgets/lv_canvas.c:984:13:set_px_cb_alpha4	48	static
../lvgl/lvgl/src/widgets/lv_canvas.c:998:13:set_px_cb_alpha8	48	static
../lvgl/lvgl/src/widgets/lv_canvas.c:1012:13:set_px_alpha_generic	32	static
../lvgl/lvgl/src/widgets/lv_canvas.c:1026:13:set_px_true_color_alpha	56	static
