../lvgl/lvgl/src/widgets/../core/../misc/../font/../misc/lv_area.h:120:20:lv_area_copy	16	static
../lvgl/lvgl/src/widgets/../core/lv_obj_style_gen.h:79:26:lv_obj_get_style_transform_zoom	24	static
../lvgl/lvgl/src/widgets/../core/lv_obj_style_gen.h:85:26:lv_obj_get_style_transform_angle	24	static
../lvgl/lvgl/src/widgets/../core/lv_obj_style_gen.h:91:26:lv_obj_get_style_pad_top	24	static
../lvgl/lvgl/src/widgets/../core/lv_obj_style_gen.h:97:26:lv_obj_get_style_pad_bottom	24	static
../lvgl/lvgl/src/widgets/../core/lv_obj_style_gen.h:103:26:lv_obj_get_style_pad_left	24	static
../lvgl/lvgl/src/widgets/../core/lv_obj_style_gen.h:109:26:lv_obj_get_style_pad_right	24	static
../lvgl/lvgl/src/widgets/../core/lv_obj_style_gen.h:295:26:lv_obj_get_style_border_width	24	static
../lvgl/lvgl/src/widgets/../core/lv_obj_style_gen.h:331:33:lv_obj_get_style_text_font	24	static
../lvgl/lvgl/src/widgets/../core/lv_obj_style_gen.h:337:26:lv_obj_get_style_text_letter_space	24	static
../lvgl/lvgl/src/widgets/../core/lv_obj_style_gen.h:343:26:lv_obj_get_style_text_line_space	24	static
../lvgl/lvgl/src/widgets/../core/lv_obj_style_gen.h:361:24:lv_obj_get_style_img_opa	24	static
../lvgl/lvgl/src/widgets/lv_img.c:57:12:lv_img_create	24	static
../lvgl/lvgl/src/widgets/lv_img.c:69:6:lv_img_set_src	64	static
../lvgl/lvgl/src/widgets/lv_img.c:162:6:lv_img_set_offset_x	24	static
../lvgl/lvgl/src/widgets/lv_img.c:174:6:lv_img_set_offset_y	24	static
../lvgl/lvgl/src/widgets/lv_img.c:186:6:lv_img_set_angle	56	static
../lvgl/lvgl/src/widgets/lv_img.c:220:6:lv_img_set_pivot	56	static
../lvgl/lvgl/src/widgets/lv_img.c:254:6:lv_img_set_zoom	56	static
../lvgl/lvgl/src/widgets/lv_img.c:288:6:lv_img_set_antialias	24	static
../lvgl/lvgl/src/widgets/lv_img.c:301:14:lv_img_get_src	24	static
../lvgl/lvgl/src/widgets/lv_img.c:310:12:lv_img_get_offset_x	24	static
../lvgl/lvgl/src/widgets/lv_img.c:319:12:lv_img_get_offset_y	24	static
../lvgl/lvgl/src/widgets/lv_img.c:328:10:lv_img_get_angle	24	static
../lvgl/lvgl/src/widgets/lv_img.c:337:6:lv_img_get_pivot	24	static
../lvgl/lvgl/src/widgets/lv_img.c:346:10:lv_img_get_zoom	24	static
../lvgl/lvgl/src/widgets/lv_img.c:355:6:lv_img_get_antialias	24	static
../lvgl/lvgl/src/widgets/lv_img.c:368:13:lv_img_constructor	24	static
../lvgl/lvgl/src/widgets/lv_img.c:394:13:lv_img_destructor	24	static
../lvgl/lvgl/src/widgets/lv_img.c:405:13:lv_img_event	104	static
../lvgl/lvgl/src/widgets/lv_img.c:492:13:draw_img	200	static
