../lvgl/lvgl/src/widgets/../core/../misc/../font/../misc/lv_area.h:133:26:lv_area_get_width	16	static
../lvgl/lvgl/src/widgets/../core/../misc/../font/../misc/lv_area.h:143:26:lv_area_get_height	16	static
../lvgl/lvgl/src/widgets/../core/../misc/../font/lv_font.h:118:26:lv_font_get_line_height	16	static
../lvgl/lvgl/src/widgets/../core/../misc/lv_anim.h:119:20:lv_anim_set_var	16	static
../lvgl/lvgl/src/widgets/../core/../misc/lv_anim.h:131:20:lv_anim_set_exec_cb	16	static
../lvgl/lvgl/src/widgets/../core/../misc/lv_anim.h:141:20:lv_anim_set_time	16	static
../lvgl/lvgl/src/widgets/../core/../misc/lv_anim.h:162:20:lv_anim_set_values	24	static
../lvgl/lvgl/src/widgets/../core/../misc/lv_anim.h:229:20:lv_anim_set_playback_time	16	static
../lvgl/lvgl/src/widgets/../core/../misc/lv_anim.h:239:20:lv_anim_set_playback_delay	16	static
../lvgl/lvgl/src/widgets/../core/../misc/lv_anim.h:249:20:lv_anim_set_repeat_count	16	static
../lvgl/lvgl/src/widgets/../core/../misc/lv_anim.h:259:20:lv_anim_set_repeat_delay	16	static
../lvgl/lvgl/src/widgets/../core/lv_obj_style_gen.h:1:26:lv_obj_get_style_width	24	static
../lvgl/lvgl/src/widgets/../core/lv_obj_style_gen.h:91:26:lv_obj_get_style_pad_top	24	static
../lvgl/lvgl/src/widgets/../core/lv_obj_style_gen.h:103:26:lv_obj_get_style_pad_left	24	static
../lvgl/lvgl/src/widgets/../core/lv_obj_style_gen.h:163:24:lv_obj_get_style_anim_speed	24	static
../lvgl/lvgl/src/widgets/../core/lv_obj_style_gen.h:187:29:lv_obj_get_style_base_dir	24	static
../lvgl/lvgl/src/widgets/../core/lv_obj_style_gen.h:193:26:lv_obj_get_style_bg_color	24	static
../lvgl/lvgl/src/widgets/../core/lv_obj_style_gen.h:319:26:lv_obj_get_style_text_color_filtered	24	static
../lvgl/lvgl/src/widgets/../core/lv_obj_style_gen.h:331:33:lv_obj_get_style_text_font	24	static
../lvgl/lvgl/src/widgets/../core/lv_obj_style_gen.h:337:26:lv_obj_get_style_text_letter_space	24	static
../lvgl/lvgl/src/widgets/../core/lv_obj_style_gen.h:343:26:lv_obj_get_style_text_line_space	24	static
../lvgl/lvgl/src/widgets/../core/lv_obj_style_gen.h:355:31:lv_obj_get_style_text_align	24	static
../lvgl/lvgl/src/widgets/lv_label.c:73:12:lv_label_create	24	static
../lvgl/lvgl/src/widgets/lv_label.c:85:6:lv_label_set_text	32	static
../lvgl/lvgl/src/widgets/lv_label.c:147:32:lv_label_set_text_fmt	28	static
../lvgl/lvgl/src/widgets/lv_label.c:175:6:lv_label_set_text_static	24	static
../lvgl/lvgl/src/widgets/lv_label.c:193:6:lv_label_set_long_mode	24	static
../lvgl/lvgl/src/widgets/lv_label.c:219:6:lv_label_set_recolor	24	static
../lvgl/lvgl/src/widgets/lv_label.c:232:6:lv_label_set_text_sel_start	24	static
../lvgl/lvgl/src/widgets/lv_label.c:246:6:lv_label_set_text_sel_end	24	static
../lvgl/lvgl/src/widgets/lv_label.c:264:8:lv_label_get_text	24	static
../lvgl/lvgl/src/widgets/lv_label.c:271:22:lv_label_get_long_mode	24	static
../lvgl/lvgl/src/widgets/lv_label.c:278:6:lv_label_get_recolor	24	static
../lvgl/lvgl/src/widgets/lv_label.c:286:6:lv_label_get_letter_pos	104	static
../lvgl/lvgl/src/widgets/lv_label.c:401:10:lv_label_get_letter_on	128	static
../lvgl/lvgl/src/widgets/lv_label.c:529:6:lv_label_is_char_under_pos	104	static
../lvgl/lvgl/src/widgets/lv_label.c:616:10:lv_label_get_text_selection_start	24	static
../lvgl/lvgl/src/widgets/lv_label.c:630:10:lv_label_get_text_selection_end	24	static
../lvgl/lvgl/src/widgets/lv_label.c:647:6:lv_label_ins_text	40	static
../lvgl/lvgl/src/widgets/lv_label.c:686:6:lv_label_cut_text	32	static
../lvgl/lvgl/src/widgets/lv_label.c:709:13:lv_label_constructor	24	static
../lvgl/lvgl/src/widgets/lv_label.c:745:13:lv_label_destructor	24	static
../lvgl/lvgl/src/widgets/lv_label.c:755:13:lv_label_event	64	static
../lvgl/lvgl/src/widgets/lv_label.c:803:13:draw_main	120	static
../lvgl/lvgl/src/widgets/lv_label.c:899:13:lv_label_refr_text	224	static
../lvgl/lvgl/src/widgets/lv_label.c:1157:13:lv_label_revert_dots	40	static
../lvgl/lvgl/src/widgets/lv_label.c:1187:13:lv_label_set_dot_tmp	32	static
../lvgl/lvgl/src/widgets/lv_label.c:1217:15:lv_label_get_dot_tmp	24	static
../lvgl/lvgl/src/widgets/lv_label.c:1233:13:lv_label_dot_tmp_free	24	static
../lvgl/lvgl/src/widgets/lv_label.c:1244:13:set_ofs_x_anim	24	static
../lvgl/lvgl/src/widgets/lv_label.c:1251:13:set_ofs_y_anim	24	static
