../lvgl/lvgl/src/widgets/../core/../misc/../font/lv_font.h:118:26:lv_font_get_line_height	16	static
../lvgl/lvgl/src/widgets/../core/../misc/lv_anim.h:119:20:lv_anim_set_var	16	static
../lvgl/lvgl/src/widgets/../core/../misc/lv_anim.h:131:20:lv_anim_set_exec_cb	16	static
../lvgl/lvgl/src/widgets/../core/../misc/lv_anim.h:141:20:lv_anim_set_time	16	static
../lvgl/lvgl/src/widgets/../core/../misc/lv_anim.h:162:20:lv_anim_set_values	24	static
../lvgl/lvgl/src/widgets/../core/../misc/lv_anim.h:189:20:lv_anim_set_path_cb	16	static
../lvgl/lvgl/src/widgets/../core/../misc/lv_anim.h:220:20:lv_anim_set_ready_cb	16	static
../lvgl/lvgl/src/widgets/../core/lv_obj_style_gen.h:103:26:lv_obj_get_style_pad_left	24	static
../lvgl/lvgl/src/widgets/../core/lv_obj_style_gen.h:109:26:lv_obj_get_style_pad_right	24	static
../lvgl/lvgl/src/widgets/../core/lv_obj_style_gen.h:157:24:lv_obj_get_style_anim_time	24	static
../lvgl/lvgl/src/widgets/../core/lv_obj_style_gen.h:187:29:lv_obj_get_style_base_dir	24	static
../lvgl/lvgl/src/widgets/../core/lv_obj_style_gen.h:295:26:lv_obj_get_style_border_width	24	static
../lvgl/lvgl/src/widgets/../core/lv_obj_style_gen.h:331:33:lv_obj_get_style_text_font	24	static
../lvgl/lvgl/src/widgets/../core/lv_obj_style_gen.h:337:26:lv_obj_get_style_text_letter_space	24	static
../lvgl/lvgl/src/widgets/../core/lv_obj_style_gen.h:343:26:lv_obj_get_style_text_line_space	24	static
../lvgl/lvgl/src/widgets/../core/lv_obj_style_gen.h:355:31:lv_obj_get_style_text_align	24	static
../lvgl/lvgl/src/widgets/lv_roller.c:78:12:lv_roller_create	24	static
../lvgl/lvgl/src/widgets/lv_roller.c:96:6:lv_roller_set_options	48	static
../lvgl/lvgl/src/widgets/lv_roller.c:152:6:lv_roller_set_selected	32	static
../lvgl/lvgl/src/widgets/lv_roller.c:188:6:lv_roller_set_visible_row_count	24	static
../lvgl/lvgl/src/widgets/lv_roller.c:207:10:lv_roller_get_selected	24	static
../lvgl/lvgl/src/widgets/lv_roller.c:227:6:lv_roller_get_selected_str	56	static
../lvgl/lvgl/src/widgets/lv_roller.c:260:14:lv_roller_get_options	16	static
../lvgl/lvgl/src/widgets/lv_roller.c:273:10:lv_roller_get_option_cnt	24	static
../lvgl/lvgl/src/widgets/lv_roller.c:291:13:lv_roller_constructor	24	static
../lvgl/lvgl/src/widgets/lv_roller.c:312:13:lv_roller_event	72	static
../lvgl/lvgl/src/widgets/lv_roller.c:415:13:lv_roller_label_event	40	static
../lvgl/lvgl/src/widgets/lv_roller.c:447:13:draw_main	192	static
../lvgl/lvgl/src/widgets/lv_roller.c:517:13:draw_label	96	static
../lvgl/lvgl/src/widgets/lv_roller.c:549:13:get_sel_area	48	static
../lvgl/lvgl/src/widgets/lv_roller.c:573:13:refr_position	128	static
../lvgl/lvgl/src/widgets/lv_roller.c:632:17:release_handler	104	static
../lvgl/lvgl/src/widgets/lv_roller.c:708:13:inf_normalize	48	static
../lvgl/lvgl/src/widgets/lv_roller.c:736:19:get_label	16	static
../lvgl/lvgl/src/widgets/lv_roller.c:742:19:get_selected_label_width	56	static
../lvgl/lvgl/src/widgets/lv_roller.c:755:13:scroll_anim_ready_cb	24	static
../lvgl/lvgl/src/widgets/lv_roller.c:762:13:set_y_anim	16	static
