../lvgl/lvgl/src/widgets/../core/../misc/../font/../misc/lv_area.h:120:20:lv_area_copy	16	static
../lvgl/lvgl/src/widgets/../core/lv_obj_style_gen.h:55:26:lv_obj_get_style_transform_width	24	static
../lvgl/lvgl/src/widgets/../core/lv_obj_style_gen.h:61:26:lv_obj_get_style_transform_height	24	static
../lvgl/lvgl/src/widgets/../core/lv_obj_style_gen.h:79:26:lv_obj_get_style_transform_zoom	24	static
../lvgl/lvgl/src/widgets/../core/lv_obj_style_gen.h:91:26:lv_obj_get_style_pad_top	24	static
../lvgl/lvgl/src/widgets/../core/lv_obj_style_gen.h:97:26:lv_obj_get_style_pad_bottom	24	static
../lvgl/lvgl/src/widgets/../core/lv_obj_style_gen.h:103:26:lv_obj_get_style_pad_left	24	static
../lvgl/lvgl/src/widgets/../core/lv_obj_style_gen.h:109:26:lv_obj_get_style_pad_right	24	static
../lvgl/lvgl/src/widgets/../core/lv_obj_style_gen.h:187:29:lv_obj_get_style_base_dir	24	static
../lvgl/lvgl/src/widgets/lv_slider.h:75:20:lv_slider_set_value	24	static
../lvgl/lvgl/src/widgets/lv_slider.h:86:20:lv_slider_set_left_value	24	static
../lvgl/lvgl/src/widgets/lv_slider.h:121:23:lv_slider_get_value	16	static
../lvgl/lvgl/src/widgets/lv_slider.h:131:23:lv_slider_get_left_value	16	static
../lvgl/lvgl/src/widgets/lv_slider.h:168:32:lv_slider_get_mode	24	static
../lvgl/lvgl/src/widgets/lv_slider.c:59:12:lv_slider_create	24	static
../lvgl/lvgl/src/widgets/lv_slider.c:67:6:lv_slider_is_dragged	24	static
../lvgl/lvgl/src/widgets/lv_slider.c:79:13:lv_slider_constructor	24	static
../lvgl/lvgl/src/widgets/lv_slider.c:94:13:lv_slider_event	136	static
../lvgl/lvgl/src/widgets/lv_slider.c:321:13:draw_knob	232	static
../lvgl/lvgl/src/widgets/lv_slider.c:414:13:position_knob	40	static
