../lvgl/lvgl/src/widgets/../core/../misc/../font/../misc/lv_area.h:120:20:lv_area_copy	16	static
../lvgl/lvgl/src/widgets/../core/../misc/../font/../misc/lv_area.h:268:26:lv_pct	16	static
../lvgl/lvgl/src/widgets/../core/../misc/../font/lv_font.h:118:26:lv_font_get_line_height	16	static
../lvgl/lvgl/src/widgets/../core/../misc/lv_anim.h:119:20:lv_anim_set_var	16	static
../lvgl/lvgl/src/widgets/../core/../misc/lv_anim.h:131:20:lv_anim_set_exec_cb	16	static
../lvgl/lvgl/src/widgets/../core/../misc/lv_anim.h:141:20:lv_anim_set_time	16	static
../lvgl/lvgl/src/widgets/../core/../misc/lv_anim.h:162:20:lv_anim_set_values	24	static
../lvgl/lvgl/src/widgets/../core/../misc/lv_anim.h:189:20:lv_anim_set_path_cb	16	static
../lvgl/lvgl/src/widgets/../core/../misc/lv_anim.h:220:20:lv_anim_set_ready_cb	16	static
../lvgl/lvgl/src/widgets/../core/../misc/lv_anim.h:229:20:lv_anim_set_playback_time	16	static
../lvgl/lvgl/src/widgets/../core/../misc/lv_anim.h:249:20:lv_anim_set_repeat_count	16	static
../lvgl/lvgl/src/widgets/../core/lv_obj_style_gen.h:91:26:lv_obj_get_style_pad_top	24	static
../lvgl/lvgl/src/widgets/../core/lv_obj_style_gen.h:97:26:lv_obj_get_style_pad_bottom	24	static
../lvgl/lvgl/src/widgets/../core/lv_obj_style_gen.h:103:26:lv_obj_get_style_pad_left	24	static
../lvgl/lvgl/src/widgets/../core/lv_obj_style_gen.h:109:26:lv_obj_get_style_pad_right	24	static
../lvgl/lvgl/src/widgets/../core/lv_obj_style_gen.h:157:24:lv_obj_get_style_anim_time	24	static
../lvgl/lvgl/src/widgets/../core/lv_obj_style_gen.h:187:29:lv_obj_get_style_base_dir	24	static
../lvgl/lvgl/src/widgets/../core/lv_obj_style_gen.h:295:26:lv_obj_get_style_border_width	24	static
../lvgl/lvgl/src/widgets/../core/lv_obj_style_gen.h:331:33:lv_obj_get_style_text_font	24	static
../lvgl/lvgl/src/widgets/../core/lv_obj_style_gen.h:343:26:lv_obj_get_style_text_line_space	24	static
../lvgl/lvgl/src/widgets/../core/lv_obj_style_gen.h:355:31:lv_obj_get_style_text_align	24	static
../lvgl/lvgl/src/widgets/lv_textarea.c:84:12:lv_textarea_create	24	static
../lvgl/lvgl/src/widgets/lv_textarea.c:96:6:lv_textarea_add_char	120	static
../lvgl/lvgl/src/widgets/lv_textarea.c:170:6:lv_textarea_add_text	112	static
../lvgl/lvgl/src/widgets/lv_textarea.c:232:6:lv_textarea_del_char	56	static
../lvgl/lvgl/src/widgets/lv_textarea.c:276:6:lv_textarea_del_char_forward	24	static
../lvgl/lvgl/src/widgets/lv_textarea.c:289:6:lv_textarea_set_text	104	static
../lvgl/lvgl/src/widgets/lv_textarea.c:349:6:lv_textarea_set_placeholder_text	24	static
../lvgl/lvgl/src/widgets/lv_textarea.c:385:6:lv_textarea_set_cursor_pos	64	static
../lvgl/lvgl/src/widgets/lv_textarea.c:440:6:lv_textarea_set_cursor_click_pos	24	static
../lvgl/lvgl/src/widgets/lv_textarea.c:448:6:lv_textarea_set_password_mode	32	static
../lvgl/lvgl/src/widgets/lv_textarea.c:481:6:lv_textarea_set_one_line	32	static
../lvgl/lvgl/src/widgets/lv_textarea.c:503:6:lv_textarea_set_accepted_chars	24	static
../lvgl/lvgl/src/widgets/lv_textarea.c:512:6:lv_textarea_set_max_length	24	static
../lvgl/lvgl/src/widgets/lv_textarea.c:521:6:lv_textarea_set_insert_replace	16	static
../lvgl/lvgl/src/widgets/lv_textarea.c:529:6:lv_textarea_set_text_selection	24	static
../lvgl/lvgl/src/widgets/lv_textarea.c:545:6:lv_textarea_set_password_show_time	24	static
../lvgl/lvgl/src/widgets/lv_textarea.c:553:6:lv_textarea_set_align	16	static
../lvgl/lvgl/src/widgets/lv_textarea.c:575:14:lv_textarea_get_text	24	static
../lvgl/lvgl/src/widgets/lv_textarea.c:592:14:lv_textarea_get_placeholder_text	24	static
../lvgl/lvgl/src/widgets/lv_textarea.c:601:12:lv_textarea_get_label	24	static
../lvgl/lvgl/src/widgets/lv_textarea.c:609:10:lv_textarea_get_cursor_pos	24	static
../lvgl/lvgl/src/widgets/lv_textarea.c:617:6:lv_textarea_get_cursor_click_pos	24	static
../lvgl/lvgl/src/widgets/lv_textarea.c:625:6:lv_textarea_get_password_mode	24	static
../lvgl/lvgl/src/widgets/lv_textarea.c:633:6:lv_textarea_get_one_line	24	static
../lvgl/lvgl/src/widgets/lv_textarea.c:641:14:lv_textarea_get_accepted_chars	24	static
../lvgl/lvgl/src/widgets/lv_textarea.c:650:10:lv_textarea_get_max_length	24	static
../lvgl/lvgl/src/widgets/lv_textarea.c:658:6:lv_textarea_text_is_selected	24	static
../lvgl/lvgl/src/widgets/lv_textarea.c:678:6:lv_textarea_get_text_selection	24	static
../lvgl/lvgl/src/widgets/lv_textarea.c:691:10:lv_textarea_get_password_show_time	24	static
../lvgl/lvgl/src/widgets/lv_textarea.c:704:6:lv_textarea_clear_selection	24	static
../lvgl/lvgl/src/widgets/lv_textarea.c:721:6:lv_textarea_cursor_right	24	static
../lvgl/lvgl/src/widgets/lv_textarea.c:730:6:lv_textarea_cursor_left	24	static
../lvgl/lvgl/src/widgets/lv_textarea.c:741:6:lv_textarea_cursor_down	56	static
../lvgl/lvgl/src/widgets/lv_textarea.c:770:6:lv_textarea_cursor_up	56	static
../lvgl/lvgl/src/widgets/lv_textarea.c:798:13:lv_textarea_constructor	32	static
../lvgl/lvgl/src/widgets/lv_textarea.c:832:13:lv_textarea_destructor	24	static
../lvgl/lvgl/src/widgets/lv_textarea.c:847:13:lv_textarea_event	32	static
../lvgl/lvgl/src/widgets/lv_textarea.c:920:13:cursor_blink_anim_cb	32	static
../lvgl/lvgl/src/widgets/lv_textarea.c:942:13:pwd_char_hider_anim	16	static
../lvgl/lvgl/src/widgets/lv_textarea.c:952:13:pwd_char_hider_anim_ready	24	static
../lvgl/lvgl/src/widgets/lv_textarea.c:962:13:pwd_char_hider	64	static
../lvgl/lvgl/src/widgets/lv_textarea.c:1000:13:char_is_accepted	40	static
../lvgl/lvgl/src/widgets/lv_textarea.c:1028:13:start_cursor_blink	88	static
../lvgl/lvgl/src/widgets/lv_textarea.c:1049:13:refr_cursor_area	80	static
../lvgl/lvgl/src/widgets/lv_textarea.c:1137:13:update_cursor_position_on_click	64	static
../lvgl/lvgl/src/widgets/lv_textarea.c:1253:17:insert_handler	16	static
../lvgl/lvgl/src/widgets/lv_textarea.c:1270:13:draw_placeholder	88	static
../lvgl/lvgl/src/widgets/lv_textarea.c:1295:13:draw_cursor	160	static
