../lvgl/lvgl/src/misc/lv_anim.c:59:6:_lv_anim_core_init	8	static
../lvgl/lvgl/src/misc/lv_anim.c:67:6:lv_anim_init	16	static
../lvgl/lvgl/src/misc/lv_anim.c:78:13:lv_anim_start	24	static
../lvgl/lvgl/src/misc/lv_anim.c:120:6:lv_anim_del	32	static
../lvgl/lvgl/src/misc/lv_anim.c:144:6:lv_anim_del_all	8	static
../lvgl/lvgl/src/misc/lv_anim.c:150:13:lv_anim_get	24	static
../lvgl/lvgl/src/misc/lv_anim.c:162:10:lv_anim_count_running	16	static
../lvgl/lvgl/src/misc/lv_anim.c:171:10:lv_anim_speed_to_time	32	static
../lvgl/lvgl/src/misc/lv_anim.c:183:6:lv_anim_refr_now	8	static
../lvgl/lvgl/src/misc/lv_anim.c:188:9:lv_anim_path_linear	32	static
../lvgl/lvgl/src/misc/lv_anim.c:203:9:lv_anim_path_ease_in	40	static
../lvgl/lvgl/src/misc/lv_anim.c:217:9:lv_anim_path_ease_out	40	static
../lvgl/lvgl/src/misc/lv_anim.c:231:9:lv_anim_path_ease_in_out	40	static
../lvgl/lvgl/src/misc/lv_anim.c:245:9:lv_anim_path_overshoot	40	static
../lvgl/lvgl/src/misc/lv_anim.c:259:9:lv_anim_path_bounce	40	static
../lvgl/lvgl/src/misc/lv_anim.c:310:9:lv_anim_path_step	16	static
../lvgl/lvgl/src/misc/lv_anim.c:326:13:anim_timer	40	static
../lvgl/lvgl/src/misc/lv_anim.c:394:13:anim_ready_handler	88	static
../lvgl/lvgl/src/misc/lv_anim.c:438:13:anim_mark_list_change	8	static
