../lvgl/lvgl/src/misc/lv_mem.c:81:6:lv_mem_init	8	static
../lvgl/lvgl/src/misc/lv_mem.c:103:6:lv_mem_deinit	8	static
../lvgl/lvgl/src/misc/lv_mem.c:116:8:lv_mem_alloc	48	static
../lvgl/lvgl/src/misc/lv_mem.c:151:6:lv_mem_free	16	static
../lvgl/lvgl/src/misc/lv_mem.c:174:8:lv_mem_realloc	24	static
../lvgl/lvgl/src/misc/lv_mem.c:199:10:lv_mem_test	8	static
../lvgl/lvgl/src/misc/lv_mem.c:226:6:lv_mem_monitor	16	static
../lvgl/lvgl/src/misc/lv_mem.c:254:8:lv_mem_buf_get	24	static
../lvgl/lvgl/src/misc/lv_mem.c:309:6:lv_mem_buf_release	24	static
../lvgl/lvgl/src/misc/lv_mem.c:326:6:lv_mem_buf_free_all	16	static
../lvgl/lvgl/src/misc/lv_mem.c:345:30:lv_memcpy	48	static
../lvgl/lvgl/src/misc/lv_mem.c:407:28:lv_memset	40	static
../lvgl/lvgl/src/misc/lv_mem.c:450:28:lv_memset_00	32	static
../lvgl/lvgl/src/misc/lv_mem.c:488:28:lv_memset_ff	32	static
../lvgl/lvgl/src/misc/lv_mem.c:528:13:lv_mem_walker	32	static
