../lvgl/lvgl/src/misc/lv_timer.c:54:6:_lv_timer_core_init	8	static
../lvgl/lvgl/src/misc/lv_timer.c:66:37:lv_timer_handler	32	static
../lvgl/lvgl/src/misc/lv_timer.c:149:14:lv_timer_create_basic	8	static
../lvgl/lvgl/src/misc/lv_timer.c:163:14:lv_timer_create	32	static
../lvgl/lvgl/src/misc/lv_timer.c:188:6:lv_timer_set_cb	16	static
../lvgl/lvgl/src/misc/lv_timer.c:197:6:lv_timer_del	16	static
../lvgl/lvgl/src/misc/lv_timer.c:209:6:lv_timer_pause	16	static
../lvgl/lvgl/src/misc/lv_timer.c:214:6:lv_timer_resume	16	static
../lvgl/lvgl/src/misc/lv_timer.c:224:6:lv_timer_set_period	16	static
../lvgl/lvgl/src/misc/lv_timer.c:233:6:lv_timer_ready	16	static
../lvgl/lvgl/src/misc/lv_timer.c:243:6:lv_timer_set_repeat_count	16	static
../lvgl/lvgl/src/misc/lv_timer.c:253:6:lv_timer_reset	16	static
../lvgl/lvgl/src/misc/lv_timer.c:262:6:lv_timer_enable	16	static
../lvgl/lvgl/src/misc/lv_timer.c:271:9:lv_timer_get_idle	4	static
../lvgl/lvgl/src/misc/lv_timer.c:281:14:lv_timer_get_next	16	static
../lvgl/lvgl/src/misc/lv_timer.c:296:13:lv_timer_exec	24	static
../lvgl/lvgl/src/misc/lv_timer.c:337:17:lv_timer_time_remaining	24	static
