../lvgl/lvgl/src/misc/lv_tlsf.c:93:15:tlsf_ffs	16	static
../lvgl/lvgl/src/misc/lv_tlsf.c:100:15:tlsf_fls	24	static
../lvgl/lvgl/src/misc/lv_tlsf.c:387:15:block_size	16	static
../lvgl/lvgl/src/misc/lv_tlsf.c:392:13:block_set_size	24	static
../lvgl/lvgl/src/misc/lv_tlsf.c:398:12:block_is_last	16	static
../lvgl/lvgl/src/misc/lv_tlsf.c:403:12:block_is_free	16	static
../lvgl/lvgl/src/misc/lv_tlsf.c:408:13:block_set_free	16	static
../lvgl/lvgl/src/misc/lv_tlsf.c:413:13:block_set_used	16	static
../lvgl/lvgl/src/misc/lv_tlsf.c:418:12:block_is_prev_free	16	static
../lvgl/lvgl/src/misc/lv_tlsf.c:423:13:block_set_prev_free	16	static
../lvgl/lvgl/src/misc/lv_tlsf.c:428:13:block_set_prev_used	16	static
../lvgl/lvgl/src/misc/lv_tlsf.c:433:24:block_from_ptr	16	static
../lvgl/lvgl/src/misc/lv_tlsf.c:439:14:block_to_ptr	16	static
../lvgl/lvgl/src/misc/lv_tlsf.c:446:24:offset_to_block	16	static
../lvgl/lvgl/src/misc/lv_tlsf.c:452:24:block_prev	16	static
../lvgl/lvgl/src/misc/lv_tlsf.c:459:24:block_next	32	static
../lvgl/lvgl/src/misc/lv_tlsf.c:468:24:block_link_next	24	static
../lvgl/lvgl/src/misc/lv_tlsf.c:475:13:block_mark_as_free	24	static
../lvgl/lvgl/src/misc/lv_tlsf.c:483:13:block_mark_as_used	24	static
../lvgl/lvgl/src/misc/lv_tlsf.c:490:15:align_up	16	static
../lvgl/lvgl/src/misc/lv_tlsf.c:496:15:align_down	16	static
../lvgl/lvgl/src/misc/lv_tlsf.c:502:14:align_ptr	24	static
../lvgl/lvgl/src/misc/lv_tlsf.c:514:15:adjust_request_size	24	static
../lvgl/lvgl/src/misc/lv_tlsf.c:535:13:mapping_insert	32	static
../lvgl/lvgl/src/misc/lv_tlsf.c:555:13:mapping_search	32	static
../lvgl/lvgl/src/misc/lv_tlsf.c:565:24:search_suitable_block	40	static
../lvgl/lvgl/src/misc/lv_tlsf.c:598:13:remove_free_block	32	static
../lvgl/lvgl/src/misc/lv_tlsf.c:627:13:insert_free_block	40	static
../lvgl/lvgl/src/misc/lv_tlsf.c:648:13:block_remove	24	static
../lvgl/lvgl/src/misc/lv_tlsf.c:656:13:block_insert	24	static
../lvgl/lvgl/src/misc/lv_tlsf.c:663:12:block_can_split	16	static
../lvgl/lvgl/src/misc/lv_tlsf.c:669:24:block_split	32	static
../lvgl/lvgl/src/misc/lv_tlsf.c:691:24:block_absorb	16	static
../lvgl/lvgl/src/misc/lv_tlsf.c:701:24:block_merge_prev	24	static
../lvgl/lvgl/src/misc/lv_tlsf.c:716:24:block_merge_next	24	static
../lvgl/lvgl/src/misc/lv_tlsf.c:732:13:block_trim_free	32	static
../lvgl/lvgl/src/misc/lv_tlsf.c:745:13:block_trim_used	32	static
../lvgl/lvgl/src/misc/lv_tlsf.c:759:24:block_trim_free_leading	32	static
../lvgl/lvgl/src/misc/lv_tlsf.c:775:24:block_locate_free	32	static
../lvgl/lvgl/src/misc/lv_tlsf.c:805:14:block_prepare_used	32	static
../lvgl/lvgl/src/misc/lv_tlsf.c:819:13:control_constructor	24	static
../lvgl/lvgl/src/misc/lv_tlsf.c:849:13:integrity_walker	48	static
../lvgl/lvgl/src/misc/lv_tlsf.c:866:5:lv_tlsf_check	56	static
../lvgl/lvgl/src/misc/lv_tlsf.c:920:13:default_walker	24	static
../lvgl/lvgl/src/misc/lv_tlsf.c:926:6:lv_tlsf_walk_pool	48	static
../lvgl/lvgl/src/misc/lv_tlsf.c:943:8:lv_tlsf_block_size	24	static
../lvgl/lvgl/src/misc/lv_tlsf.c:954:5:lv_tlsf_check_pool	24	static
../lvgl/lvgl/src/misc/lv_tlsf.c:967:8:lv_tlsf_size	4	static
../lvgl/lvgl/src/misc/lv_tlsf.c:972:8:lv_tlsf_align_size	4	static
../lvgl/lvgl/src/misc/lv_tlsf.c:977:8:lv_tlsf_block_size_min	4	static
../lvgl/lvgl/src/misc/lv_tlsf.c:982:8:lv_tlsf_block_size_max	4	static
../lvgl/lvgl/src/misc/lv_tlsf.c:992:8:lv_tlsf_pool_overhead	4	static
../lvgl/lvgl/src/misc/lv_tlsf.c:997:8:lv_tlsf_alloc_overhead	4	static
../lvgl/lvgl/src/misc/lv_tlsf.c:1002:11:lv_tlsf_add_pool	40	static
../lvgl/lvgl/src/misc/lv_tlsf.c:1051:6:lv_tlsf_remove_pool	32	static
../lvgl/lvgl/src/misc/lv_tlsf.c:1098:11:lv_tlsf_create	16	static
../lvgl/lvgl/src/misc/lv_tlsf.c:1119:11:lv_tlsf_create_with_pool	32	static
../lvgl/lvgl/src/misc/lv_tlsf.c:1126:6:lv_tlsf_destroy	16	static
../lvgl/lvgl/src/misc/lv_tlsf.c:1132:11:lv_tlsf_get_pool	16	static
../lvgl/lvgl/src/misc/lv_tlsf.c:1137:7:lv_tlsf_malloc	32	static
../lvgl/lvgl/src/misc/lv_tlsf.c:1145:7:lv_tlsf_memalign	72	static
../lvgl/lvgl/src/misc/lv_tlsf.c:1202:6:lv_tlsf_free	24	static
../lvgl/lvgl/src/misc/lv_tlsf.c:1230:7:lv_tlsf_realloc	56	static
