../lvgl/lvgl/src/extra/widgets/calendar/../../../core/lv_obj_style_gen.h:91:26:lv_obj_get_style_pad_top	24	static
../lvgl/lvgl/src/extra/widgets/calendar/../../../core/lv_obj_style_gen.h:97:26:lv_obj_get_style_pad_bottom	24	static
../lvgl/lvgl/src/extra/widgets/calendar/../../../core/lv_obj_style_gen.h:103:26:lv_obj_get_style_pad_left	24	static
../lvgl/lvgl/src/extra/widgets/calendar/../../../core/lv_obj_style_gen.h:109:26:lv_obj_get_style_pad_right	24	static
../lvgl/lvgl/src/extra/widgets/calendar/../../../core/lv_obj_style_gen.h:121:26:lv_obj_get_style_pad_column	24	static
../lvgl/lvgl/src/extra/widgets/calendar/../../../core/lv_obj_style_gen.h:127:26:lv_obj_get_style_radius	24	static
../lvgl/lvgl/src/extra/widgets/calendar/lv_calendar_header_arrow.c:51:12:lv_calendar_header_arrow_create	32	static
../lvgl/lvgl/src/extra/widgets/calendar/lv_calendar_header_arrow.c:64:13:my_constructor	48	static
../lvgl/lvgl/src/extra/widgets/calendar/lv_calendar_header_arrow.c:107:13:month_event_cb	40	static
