C:\Users\nxf77952\Documents\MCUXpressoIDE_11.5.0_7232\workspace\MIMXRT1176_Project_TFT\CMSIS/mpu_armv7.h:191:22:ARM_MPU_Enable	16	static
C:\Users\nxf77952\Documents\MCUXpressoIDE_11.5.0_7232\workspace\MIMXRT1176_Project_TFT\CMSIS/mpu_armv7.h:203:22:ARM_MPU_Disable	4	static
C:\Users\nxf77952\Documents\MCUXpressoIDE_11.5.0_7232\workspace\MIMXRT1176_Project_TFT\drivers/fsl_clock.h:2071:24:CLOCK_GetRootClockMux	16	static
C:\Users\nxf77952\Documents\MCUXpressoIDE_11.5.0_7232\workspace\MIMXRT1176_Project_TFT\drivers/fsl_clock.h:2112:24:CLOCK_GetRootClockDiv	16	static
C:\Users\nxf77952\Documents\MCUXpressoIDE_11.5.0_7232\workspace\MIMXRT1176_Project_TFT\drivers/fsl_clock.h:2157:20:CLOCK_SetRootClock	16	static
C:\Users\nxf77952\Documents\MCUXpressoIDE_11.5.0_7232\workspace\MIMXRT1176_Project_TFT\drivers/fsl_clock.h:2240:24:CLOCK_GetRootClockFreq	32	static
../board/board.c:24:10:BOARD_DebugConsoleSrcFreq	8	static
../board/board.c:36:6:BOARD_InitDebugConsole	16	static
../board/board.c:43:6:BOARD_LPI2C_Init	48	static
../board/board.c:61:10:BOARD_LPI2C_Send	48	static
../board/board.c:81:10:BOARD_LPI2C_Receive	48	static
../board/board.c:101:10:BOARD_LPI2C_SendSCCB	48	static
../board/board.c:121:10:BOARD_LPI2C_ReceiveSCCB	56	static
../board/board.c:154:6:BOARD_Accel_I2C_Init	8	static
../board/board.c:159:10:BOARD_Accel_I2C_Send	40	static
../board/board.c:166:10:BOARD_Accel_I2C_Receive	32	static
../board/board.c:172:6:BOARD_Codec_I2C_Init	8	static
../board/board.c:177:10:BOARD_Codec_I2C_Send	32	static
../board/board.c:184:10:BOARD_Codec_I2C_Receive	32	static
../board/board.c:190:6:BOARD_Camera_I2C_Init	16	static
../board/board.c:203:10:BOARD_Camera_I2C_Send	32	static
../board/board.c:210:10:BOARD_Camera_I2C_Receive	32	static
../board/board.c:217:10:BOARD_Camera_I2C_SendSCCB	32	static
../board/board.c:224:10:BOARD_Camera_I2C_ReceiveSCCB	32	static
../board/board.c:231:6:BOARD_MIPIPanelTouch_I2C_Init	16	static
../board/board.c:245:10:BOARD_MIPIPanelTouch_I2C_Send	32	static
../board/board.c:252:10:BOARD_MIPIPanelTouch_I2C_Receive	32	static
../board/board.c:262:6:BOARD_ConfigMPU	48	static
../board/board.c:594:6:BOARD_SD_Pin_Config	16	static
../board/board.c:598:6:BOARD_MMC_Pin_Config	16	static
