../lvgl/lvgl/src/draw/../misc/lv_color.h:602:26:lv_color_make	16	static
../lvgl/lvgl/src/draw/../misc/lv_color.h:675:26:lv_color_black	8	static
../lvgl/lvgl/src/draw/../misc/lv_area.h:120:20:lv_area_copy	16	static
../lvgl/lvgl/src/draw/lv_draw_arc.c:62:28:lv_draw_arc_dsc_init	24	static
../lvgl/lvgl/src/draw/lv_draw_arc.c:70:6:lv_draw_arc	360	static
../lvgl/lvgl/src/draw/lv_draw_arc.c:210:6:lv_draw_arc_get_area	32	static
../lvgl/lvgl/src/draw/lv_draw_arc.c:291:13:draw_quarter_0	40	static
../lvgl/lvgl/src/draw/lv_draw_arc.c:344:13:draw_quarter_1	40	static
../lvgl/lvgl/src/draw/lv_draw_arc.c:397:13:draw_quarter_2	40	static
../lvgl/lvgl/src/draw/lv_draw_arc.c:450:13:draw_quarter_3	40	static
../lvgl/lvgl/src/draw/lv_draw_arc.c:503:13:get_rounded_area	56	static
