../lvgl/lvgl/src/draw/../misc/lv_color.h:459:48:lv_color_mix	24	static
../lvgl/lvgl/src/draw/../misc/lv_color.h:602:26:lv_color_make	16	static
../lvgl/lvgl/src/draw/../misc/lv_color.h:674:26:lv_color_white	8	static
../lvgl/lvgl/src/draw/../misc/lv_color.h:675:26:lv_color_black	8	static
../lvgl/lvgl/src/draw/../misc/lv_area.h:120:20:lv_area_copy	16	static
../lvgl/lvgl/src/draw/../misc/lv_area.h:133:26:lv_area_get_width	16	static
../lvgl/lvgl/src/draw/../misc/lv_area.h:143:26:lv_area_get_height	16	static
../lvgl/lvgl/src/draw/lv_draw_rect.c:75:28:lv_draw_rect_dsc_init	24	static
../lvgl/lvgl/src/draw/lv_draw_rect.c:98:6:lv_draw_rect	24	static
../lvgl/lvgl/src/draw/lv_draw_rect.c:119:35:draw_bg	192	static
../lvgl/lvgl/src/draw/lv_draw_rect.c:337:35:draw_bg_img	144	static
../lvgl/lvgl/src/draw/lv_draw_rect.c:401:35:draw_border	192	static
../lvgl/lvgl/src/draw/lv_draw_rect.c:522:48:grad_get	32	static
../lvgl/lvgl/src/draw/lv_draw_rect.c:537:35:draw_shadow	312	static
../lvgl/lvgl/src/draw/lv_draw_rect.c:1022:35:shadow_draw_corner_buf	128	static
../lvgl/lvgl/src/draw/lv_draw_rect.c:1106:35:shadow_blur_corner	72	static
../lvgl/lvgl/src/draw/lv_draw_rect.c:1179:13:draw_outline	72	static
../lvgl/lvgl/src/draw/lv_draw_rect.c:1216:13:draw_full_border	232	static
