../lvgl/lvgl/src/draw/../misc/lv_area.h:120:20:lv_area_copy	16	static
../lvgl/lvgl/src/draw/../misc/lv_area.h:133:26:lv_area_get_width	16	static
../lvgl/lvgl/src/draw/../misc/lv_area.h:143:26:lv_area_get_height	16	static
../lvgl/lvgl/src/draw/lv_draw_mask.c:73:9:lv_draw_mask_add	24	static
../lvgl/lvgl/src/draw/lv_draw_mask.c:103:42:lv_draw_mask_apply	56	static
../lvgl/lvgl/src/draw/lv_draw_mask.c:130:8:lv_draw_mask_remove_id	24	static
../lvgl/lvgl/src/draw/lv_draw_mask.c:149:8:lv_draw_mask_remove_custom	24	static
../lvgl/lvgl/src/draw/lv_draw_mask.c:167:31:lv_draw_mask_get_cnt	16	static
../lvgl/lvgl/src/draw/lv_draw_mask.c:188:6:lv_draw_mask_line_points_init	48	static
../lvgl/lvgl/src/draw/lv_draw_mask.c:282:6:lv_draw_mask_line_angle_init	48	static
../lvgl/lvgl/src/draw/lv_draw_mask.c:308:6:lv_draw_mask_angle_init	48	static
../lvgl/lvgl/src/draw/lv_draw_mask.c:372:6:lv_draw_mask_radius_init	32	static
../lvgl/lvgl/src/draw/lv_draw_mask.c:398:6:lv_draw_mask_fade_init	24	static
../lvgl/lvgl/src/draw/lv_draw_mask.c:417:6:lv_draw_mask_map_init	24	static
../lvgl/lvgl/src/draw/lv_draw_mask.c:429:49:lv_draw_mask_line	48	static
../lvgl/lvgl/src/draw/lv_draw_mask.c:489:49:line_mask_flat	64	static
../lvgl/lvgl/src/draw/lv_draw_mask.c:605:49:line_mask_steep	80	static
../lvgl/lvgl/src/draw/lv_draw_mask.c:747:49:lv_draw_mask_angle	104	static
../lvgl/lvgl/src/draw/lv_draw_mask.c:884:49:lv_draw_mask_radius	152	static
../lvgl/lvgl/src/draw/lv_draw_mask.c:1135:49:lv_draw_mask_fade	56	static
../lvgl/lvgl/src/draw/lv_draw_mask.c:1181:49:lv_draw_mask_map	48	static
../lvgl/lvgl/src/draw/lv_draw_mask.c:1215:46:mask_mix	16	static
../lvgl/lvgl/src/draw/lv_draw_mask.c:1229:42:sqrt_approx	40	static
