../lvgl/lvgl/src/draw/../misc/lv_color.h:479:42:lv_color_premult	16	static
../lvgl/lvgl/src/draw/../misc/lv_color.h:504:48:lv_color_mix_premult	24	static
../lvgl/lvgl/src/draw/../misc/lv_color.h:602:26:lv_color_make	16	static
../lvgl/lvgl/src/draw/../misc/lv_color.h:607:26:lv_color_hex	16	static
../lvgl/lvgl/src/draw/../misc/lv_color.h:674:26:lv_color_white	8	static
../lvgl/lvgl/src/draw/../misc/lv_color.h:675:26:lv_color_black	8	static
../lvgl/lvgl/src/draw/../misc/lv_area.h:120:20:lv_area_copy	16	static
../lvgl/lvgl/src/draw/../misc/lv_area.h:133:26:lv_area_get_width	16	static
../lvgl/lvgl/src/draw/../misc/lv_area.h:143:26:lv_area_get_height	16	static
../lvgl/lvgl/src/draw/lv_draw_img.c:59:6:lv_draw_img_dsc_init	24	static
../lvgl/lvgl/src/draw/lv_draw_img.c:75:6:lv_draw_img	32	static
../lvgl/lvgl/src/draw/lv_draw_img.c:100:9:lv_img_cf_get_px_size	24	static
../lvgl/lvgl/src/draw/lv_draw_img.c:145:6:lv_img_cf_is_chroma_keyed	24	static
../lvgl/lvgl/src/draw/lv_draw_img.c:172:6:lv_img_cf_has_alpha	24	static
../lvgl/lvgl/src/draw/lv_draw_img.c:205:14:lv_img_src_get_type	24	static
../lvgl/lvgl/src/draw/lv_draw_img.c:234:39:lv_img_draw_core	128	static
../lvgl/lvgl/src/draw/lv_draw_img.c:338:35:lv_draw_map	288	static
../lvgl/lvgl/src/draw/lv_draw_img.c:668:13:show_error	120	static
../lvgl/lvgl/src/draw/lv_draw_img.c:680:13:draw_cleanup	16	static
