../lvgl/lvgl/src/draw/../misc/lv_color.h:602:26:lv_color_make	16	static
../lvgl/lvgl/src/draw/../misc/lv_mem.h:201:44:lv_memcpy_small	32	static
../lvgl/lvgl/src/draw/lv_img_decoder.c:56:6:_lv_img_decoder_init	16	static
../lvgl/lvgl/src/draw/lv_img_decoder.c:83:10:lv_img_decoder_get_info	24	static
../lvgl/lvgl/src/draw/lv_img_decoder.c:99:10:lv_img_decoder_open	40	static
../lvgl/lvgl/src/draw/lv_img_decoder.c:161:10:lv_img_decoder_read_line	48	static
../lvgl/lvgl/src/draw/lv_img_decoder.c:173:6:lv_img_decoder_close	16	static
../lvgl/lvgl/src/draw/lv_img_decoder.c:189:20:lv_img_decoder_create	16	static
../lvgl/lvgl/src/draw/lv_img_decoder.c:205:6:lv_img_decoder_delete	16	static
../lvgl/lvgl/src/draw/lv_img_decoder.c:216:6:lv_img_decoder_set_info_cb	16	static
../lvgl/lvgl/src/draw/lv_img_decoder.c:226:6:lv_img_decoder_set_open_cb	16	static
../lvgl/lvgl/src/draw/lv_img_decoder.c:236:6:lv_img_decoder_set_read_line_cb	16	static
../lvgl/lvgl/src/draw/lv_img_decoder.c:246:6:lv_img_decoder_set_close_cb	16	static
../lvgl/lvgl/src/draw/lv_img_decoder.c:258:10:lv_img_decoder_built_in_info	40	static
../lvgl/lvgl/src/draw/lv_img_decoder.c:311:10:lv_img_decoder_built_in_open	72	static
../lvgl/lvgl/src/draw/lv_img_decoder.c:439:10:lv_img_decoder_built_in_read_line	40	static
../lvgl/lvgl/src/draw/lv_img_decoder.c:475:6:lv_img_decoder_built_in_close	24	static
../lvgl/lvgl/src/draw/lv_img_decoder.c:496:17:lv_img_decoder_built_in_line_true_color	48	static
../lvgl/lvgl/src/draw/lv_img_decoder.c:521:17:lv_img_decoder_built_in_line_alpha	104	static
../lvgl/lvgl/src/draw/lv_img_decoder.c:612:17:lv_img_decoder_built_in_line_indexed	64	static
