../lvgl/lvgl/src/draw/../misc/lv_color.h:395:24:lv_color_to32	24	static
../lvgl/lvgl/src/draw/../misc/lv_color.h:459:48:lv_color_mix	24	static
../lvgl/lvgl/src/draw/../misc/lv_color.h:602:26:lv_color_make	16	static
../lvgl/lvgl/src/draw/../misc/lv_color.h:607:26:lv_color_hex	16	static
../lvgl/lvgl/src/draw/../misc/lv_color.h:675:26:lv_color_black	8	static
../lvgl/lvgl/src/draw/../misc/lv_mem.h:201:44:lv_memcpy_small	32	static
../lvgl/lvgl/src/draw/lv_img_buf.c:51:12:lv_img_buf_get_px_color	72	static
../lvgl/lvgl/src/draw/lv_img_buf.c:118:10:lv_img_buf_get_px_alpha	80	static
../lvgl/lvgl/src/draw/lv_img_buf.c:181:6:lv_img_buf_set_px_alpha	64	static
../lvgl/lvgl/src/draw/lv_img_buf.c:240:6:lv_img_buf_set_px_color	72	static
../lvgl/lvgl/src/draw/lv_img_buf.c:309:6:lv_img_buf_set_palette	24	static
../lvgl/lvgl/src/draw/lv_img_buf.c:330:16:lv_img_buf_alloc	24	static
../lvgl/lvgl/src/draw/lv_img_buf.c:366:6:lv_img_buf_free	16	static
../lvgl/lvgl/src/draw/lv_img_buf.c:383:10:lv_img_buf_get_img_size	16	static
../lvgl/lvgl/src/draw/lv_img_buf.c:418:6:_lv_img_buf_transform_init	48	static
../lvgl/lvgl/src/draw/lv_img_buf.c:474:6:_lv_img_buf_get_transformed_area	80	static
../lvgl/lvgl/src/draw/lv_img_buf.c:569:6:_lv_img_buf_transform	64	static
../lvgl/lvgl/src/draw/lv_img_buf.c:654:6:_lv_img_buf_transform_anti_alias	88	static
