../lvgl/lvgl/src/extra/layouts/grid/../flex/../../../core/../misc/../font/../misc/lv_area.h:120:20:lv_area_copy	16	static
../lvgl/lvgl/src/extra/layouts/grid/../flex/../../../core/../misc/../font/../misc/lv_area.h:133:26:lv_area_get_width	16	static
../lvgl/lvgl/src/extra/layouts/grid/../flex/../../../core/../misc/../font/../misc/lv_area.h:143:26:lv_area_get_height	16	static
../lvgl/lvgl/src/extra/layouts/grid/../flex/../../../core/lv_obj_style_gen.h:1:26:lv_obj_get_style_width	24	static
../lvgl/lvgl/src/extra/layouts/grid/../flex/../../../core/lv_obj_style_gen.h:19:26:lv_obj_get_style_height	24	static
../lvgl/lvgl/src/extra/layouts/grid/../flex/../../../core/lv_obj_style_gen.h:67:26:lv_obj_get_style_translate_x	24	static
../lvgl/lvgl/src/extra/layouts/grid/../flex/../../../core/lv_obj_style_gen.h:73:26:lv_obj_get_style_translate_y	24	static
../lvgl/lvgl/src/extra/layouts/grid/../flex/../../../core/lv_obj_style_gen.h:91:26:lv_obj_get_style_pad_top	24	static
../lvgl/lvgl/src/extra/layouts/grid/../flex/../../../core/lv_obj_style_gen.h:103:26:lv_obj_get_style_pad_left	24	static
../lvgl/lvgl/src/extra/layouts/grid/../flex/../../../core/lv_obj_style_gen.h:115:26:lv_obj_get_style_pad_row	24	static
../lvgl/lvgl/src/extra/layouts/grid/../flex/../../../core/lv_obj_style_gen.h:121:26:lv_obj_get_style_pad_column	24	static
../lvgl/lvgl/src/extra/layouts/grid/../flex/../../../core/lv_obj_style_gen.h:187:29:lv_obj_get_style_base_dir	24	static
../lvgl/lvgl/src/extra/layouts/grid/../flex/../../../core/lv_obj_style_gen.h:295:26:lv_obj_get_style_border_width	24	static
../lvgl/lvgl/src/extra/layouts/grid/../grid/lv_grid.h:121:34:lv_obj_get_style_grid_row_dsc_array	24	static
../lvgl/lvgl/src/extra/layouts/grid/../grid/lv_grid.h:127:34:lv_obj_get_style_grid_column_dsc_array	24	static
../lvgl/lvgl/src/extra/layouts/grid/../grid/lv_grid.h:133:31:lv_obj_get_style_grid_row_align	24	static
../lvgl/lvgl/src/extra/layouts/grid/../grid/lv_grid.h:139:31:lv_obj_get_style_grid_column_align	24	static
../lvgl/lvgl/src/extra/layouts/grid/../grid/lv_grid.h:145:26:lv_obj_get_style_grid_cell_column_pos	24	static
../lvgl/lvgl/src/extra/layouts/grid/../grid/lv_grid.h:151:26:lv_obj_get_style_grid_cell_column_span	24	static
../lvgl/lvgl/src/extra/layouts/grid/../grid/lv_grid.h:157:26:lv_obj_get_style_grid_cell_row_pos	24	static
../lvgl/lvgl/src/extra/layouts/grid/../grid/lv_grid.h:163:26:lv_obj_get_style_grid_cell_row_span	24	static
../lvgl/lvgl/src/extra/layouts/grid/../grid/lv_grid.h:169:26:lv_obj_get_style_grid_cell_x_align	24	static
../lvgl/lvgl/src/extra/layouts/grid/../grid/lv_grid.h:175:26:lv_obj_get_style_grid_cell_y_align	24	static
../lvgl/lvgl/src/extra/layouts/grid/lv_grid.c:60:34:get_col_dsc	16	static
../lvgl/lvgl/src/extra/layouts/grid/lv_grid.c:61:34:get_row_dsc	16	static
../lvgl/lvgl/src/extra/layouts/grid/lv_grid.c:62:23:get_col_pos	16	static
../lvgl/lvgl/src/extra/layouts/grid/lv_grid.c:63:23:get_row_pos	16	static
../lvgl/lvgl/src/extra/layouts/grid/lv_grid.c:64:23:get_col_span	16	static
../lvgl/lvgl/src/extra/layouts/grid/lv_grid.c:65:23:get_row_span	16	static
../lvgl/lvgl/src/extra/layouts/grid/lv_grid.c:66:23:get_cell_col_align	16	static
../lvgl/lvgl/src/extra/layouts/grid/lv_grid.c:67:23:get_cell_row_align	16	static
../lvgl/lvgl/src/extra/layouts/grid/lv_grid.c:68:23:get_grid_col_align	16	static
../lvgl/lvgl/src/extra/layouts/grid/lv_grid.c:69:23:get_grid_row_align	16	static
../lvgl/lvgl/src/extra/layouts/grid/lv_grid.c:99:6:lv_grid_init	8	static
../lvgl/lvgl/src/extra/layouts/grid/lv_grid.c:116:6:lv_obj_set_grid_dsc_array	24	static
../lvgl/lvgl/src/extra/layouts/grid/lv_grid.c:123:6:lv_obj_set_grid_align	16	static
../lvgl/lvgl/src/extra/layouts/grid/lv_grid.c:130:6:lv_obj_set_grid_cell	16	static
../lvgl/lvgl/src/extra/layouts/grid/lv_grid.c:145:6:lv_style_set_grid_row_dsc_array	24	static
../lvgl/lvgl/src/extra/layouts/grid/lv_grid.c:153:6:lv_style_set_grid_column_dsc_array	24	static
../lvgl/lvgl/src/extra/layouts/grid/lv_grid.c:161:6:lv_style_set_grid_row_align	24	static
../lvgl/lvgl/src/extra/layouts/grid/lv_grid.c:169:6:lv_style_set_grid_column_align	24	static
../lvgl/lvgl/src/extra/layouts/grid/lv_grid.c:178:6:lv_style_set_grid_cell_column_pos	24	static
../lvgl/lvgl/src/extra/layouts/grid/lv_grid.c:186:6:lv_style_set_grid_cell_column_span	24	static
../lvgl/lvgl/src/extra/layouts/grid/lv_grid.c:194:6:lv_style_set_grid_cell_row_pos	24	static
../lvgl/lvgl/src/extra/layouts/grid/lv_grid.c:202:6:lv_style_set_grid_cell_row_span	24	static
../lvgl/lvgl/src/extra/layouts/grid/lv_grid.c:210:6:lv_style_set_grid_cell_x_align	24	static
../lvgl/lvgl/src/extra/layouts/grid/lv_grid.c:218:6:lv_style_set_grid_cell_y_align	24	static
../lvgl/lvgl/src/extra/layouts/grid/lv_grid.c:226:6:lv_obj_set_style_grid_row_dsc_array	32	static
../lvgl/lvgl/src/extra/layouts/grid/lv_grid.c:234:6:lv_obj_set_style_grid_column_dsc_array	32	static
../lvgl/lvgl/src/extra/layouts/grid/lv_grid.c:243:6:lv_obj_set_style_grid_row_align	32	static
../lvgl/lvgl/src/extra/layouts/grid/lv_grid.c:251:6:lv_obj_set_style_grid_column_align	32	static
../lvgl/lvgl/src/extra/layouts/grid/lv_grid.c:260:6:lv_obj_set_style_grid_cell_column_pos	32	static
../lvgl/lvgl/src/extra/layouts/grid/lv_grid.c:268:6:lv_obj_set_style_grid_cell_column_span	32	static
../lvgl/lvgl/src/extra/layouts/grid/lv_grid.c:276:6:lv_obj_set_style_grid_cell_row_pos	32	static
../lvgl/lvgl/src/extra/layouts/grid/lv_grid.c:284:6:lv_obj_set_style_grid_cell_row_span	32	static
../lvgl/lvgl/src/extra/layouts/grid/lv_grid.c:292:6:lv_obj_set_style_grid_cell_x_align	32	static
../lvgl/lvgl/src/extra/layouts/grid/lv_grid.c:300:6:lv_obj_set_style_grid_cell_y_align	32	static
../lvgl/lvgl/src/extra/layouts/grid/lv_grid.c:313:13:grid_update	96	static
../lvgl/lvgl/src/extra/layouts/grid/lv_grid.c:360:13:calc	72	static
../lvgl/lvgl/src/extra/layouts/grid/lv_grid.c:392:13:calc_free	16	static
../lvgl/lvgl/src/extra/layouts/grid/lv_grid.c:400:13:calc_cols	72	static
../lvgl/lvgl/src/extra/layouts/grid/lv_grid.c:472:13:calc_rows	72	static
../lvgl/lvgl/src/extra/layouts/grid/lv_grid.c:545:13:item_repos	96	static
../lvgl/lvgl/src/extra/layouts/grid/lv_grid.c:669:19:grid_align	32	static
../lvgl/lvgl/src/extra/layouts/grid/lv_grid.c:734:17:count_tracks	24	static
