c:\users\nxf77952\documents\mcuxpressoide_11.5.0_7232\workspace\mimxrt1176_project_tft\lvgl\lvgl\src\misc\lv_color.h:395:24:lv_color_to32	24	static
c:\users\nxf77952\documents\mcuxpressoide_11.5.0_7232\workspace\mimxrt1176_project_tft\lvgl\lvgl\src\misc\lv_color.h:602:26:lv_color_make	16	static
c:\users\nxf77952\documents\mcuxpressoide_11.5.0_7232\workspace\mimxrt1176_project_tft\lvgl\lvgl\src\misc\lv_color.h:607:26:lv_color_hex	16	static
c:\users\nxf77952\documents\mcuxpressoide_11.5.0_7232\workspace\mimxrt1176_project_tft\lvgl\lvgl\src\misc\lv_color.h:675:26:lv_color_black	8	static
C:\Users\nxf77952\Documents\MCUXpressoIDE_11.5.0_7232\workspace\MIMXRT1176_Project_TFT\drivers/fsl_pxp.h:656:20:PXP_SetProcessBlockSize	16	static
C:\Users\nxf77952\Documents\MCUXpressoIDE_11.5.0_7232\workspace\MIMXRT1176_Project_TFT\drivers/fsl_pxp.h:756:20:PXP_EnableInterrupts	16	static
C:\Users\nxf77952\Documents\MCUXpressoIDE_11.5.0_7232\workspace\MIMXRT1176_Project_TFT\drivers/fsl_pxp.h:770:20:PXP_DisableInterrupts	16	static
C:\Users\nxf77952\Documents\MCUXpressoIDE_11.5.0_7232\workspace\MIMXRT1176_Project_TFT\drivers/fsl_pxp.h:820:20:PXP_EnableAlphaSurfaceOverlayColorKey	16	static
C:\Users\nxf77952\Documents\MCUXpressoIDE_11.5.0_7232\workspace\MIMXRT1176_Project_TFT\drivers/fsl_pxp.h:856:20:PXP_SetProcessSurfaceBackGroundColor	16	static
C:\Users\nxf77952\Documents\MCUXpressoIDE_11.5.0_7232\workspace\MIMXRT1176_Project_TFT\drivers/fsl_pxp.h:1185:20:PXP_EnableCsc1	16	static
../lvgl/lvgl/src/gpu/lv_gpu_nxp_pxp.c:109:10:lv_gpu_nxp_pxp_init	16	static
../lvgl/lvgl/src/gpu/lv_gpu_nxp_pxp.c:135:6:lv_gpu_nxp_pxp_deinit	8	static
../lvgl/lvgl/src/gpu/lv_gpu_nxp_pxp.c:151:6:lv_gpu_nxp_pxp_fill	72	static
../lvgl/lvgl/src/gpu/lv_gpu_nxp_pxp.c:229:6:lv_gpu_nxp_pxp_blit	104	static
../lvgl/lvgl/src/gpu/lv_gpu_nxp_pxp.c:308:6:lv_gpu_nxp_pxp_enable_color_key	4	static
../lvgl/lvgl/src/gpu/lv_gpu_nxp_pxp.c:317:6:lv_gpu_nxp_pxp_disable_color_key	4	static
../lvgl/lvgl/src/gpu/lv_gpu_nxp_pxp.c:328:6:lv_gpu_nxp_pxp_enable_recolor	16	static
../lvgl/lvgl/src/gpu/lv_gpu_nxp_pxp.c:339:6:lv_gpu_nxp_pxp_disable_recolor	4	static
../lvgl/lvgl/src/gpu/lv_gpu_nxp_pxp.c:347:6:lv_gpu_nxp_pxp_enable_alpha_channel	4	static
../lvgl/lvgl/src/gpu/lv_gpu_nxp_pxp.c:356:6:lv_gpu_nxp_pxp_disable_alpha_channel	4	static
../lvgl/lvgl/src/gpu/lv_gpu_nxp_pxp.c:371:13:lv_gpu_nxp_pxp_run	16	static
../lvgl/lvgl/src/gpu/lv_gpu_nxp_pxp.c:397:13:lv_gpu_nxp_pxp_blit_recolor	96	static
