C:\Users\nxf77952\Documents\MCUXpressoIDE_11.5.0_7232\workspace\MIMXRT1176_Project_TFT\drivers/fsl_clock.h:2071:24:CLOCK_GetRootClockMux	16	static
C:\Users\nxf77952\Documents\MCUXpressoIDE_11.5.0_7232\workspace\MIMXRT1176_Project_TFT\drivers/fsl_clock.h:2112:24:CLOCK_GetRootClockDiv	16	static
C:\Users\nxf77952\Documents\MCUXpressoIDE_11.5.0_7232\workspace\MIMXRT1176_Project_TFT\drivers/fsl_clock.h:2157:20:CLOCK_SetRootClock	16	static
C:\Users\nxf77952\Documents\MCUXpressoIDE_11.5.0_7232\workspace\MIMXRT1176_Project_TFT\drivers/fsl_clock.h:2240:24:CLOCK_GetRootClockFreq	32	static
C:\Users\nxf77952\Documents\MCUXpressoIDE_11.5.0_7232\workspace\MIMXRT1176_Project_TFT\drivers/fsl_iomuxc.h:1633:20:IOMUXC_SetPinMux	24	static
C:\Users\nxf77952\Documents\MCUXpressoIDE_11.5.0_7232\workspace\MIMXRT1176_Project_TFT\drivers/fsl_iomuxc.h:1665:20:IOMUXC_SetPinConfig	24	static
../source/FlexCan_3.c:72:8:flexcan_callback	24	static
../source/FlexCan_3.c:106:6:BOARD_InitPins_CAN	16	static
../source/FlexCan_3.c:134:6:FLexCAN_3_Init	32	static
../source/FlexCan_3.c:238:6:FLexCAN_3_TX_Msg	8	static
../source/FlexCan_3.c:265:6:FLexCAN_3_RX_Msg	8	static
