C:\Users\nxf77952\Documents\MCUXpressoIDE_11.5.0_7232\workspace\MIMXRT1176_Project_TFT\CMSIS/core_cm7.h:1902:22:__NVIC_EnableIRQ	16	static
C:\Users\nxf77952\Documents\MCUXpressoIDE_11.5.0_7232\workspace\MIMXRT1176_Project_TFT\CMSIS/core_cm7.h:2032:22:__NVIC_SetPriority	16	static
C:\Users\nxf77952\Documents\MCUXpressoIDE_11.5.0_7232\workspace\MIMXRT1176_Project_TFT\CMSIS/core_cm7.h:2637:26:SysTick_Config	16	static
C:\Users\nxf77952\Documents\MCUXpressoIDE_11.5.0_7232\workspace\MIMXRT1176_Project_TFT\drivers/fsl_clock.h:2071:24:CLOCK_GetRootClockMux	16	static
C:\Users\nxf77952\Documents\MCUXpressoIDE_11.5.0_7232\workspace\MIMXRT1176_Project_TFT\drivers/fsl_clock.h:2112:24:CLOCK_GetRootClockDiv	16	static
C:\Users\nxf77952\Documents\MCUXpressoIDE_11.5.0_7232\workspace\MIMXRT1176_Project_TFT\drivers/fsl_clock.h:2240:24:CLOCK_GetRootClockFreq	32	static
C:\Users\nxf77952\Documents\MCUXpressoIDE_11.5.0_7232\workspace\MIMXRT1176_Project_TFT\drivers/fsl_common_arm.h:499:24:EnableIRQ	24	static
c:\users\nxf77952\documents\mcuxpressoide_11.5.0_7232\workspace\mimxrt1176_project_tft\lvgl\lvgl\src\misc\lv_color.h:602:26:lv_color_make	16	static
c:\users\nxf77952\documents\mcuxpressoide_11.5.0_7232\workspace\mimxrt1176_project_tft\lvgl\lvgl\src\misc\lv_color.h:607:26:lv_color_hex	16	static
c:\users\nxf77952\documents\mcuxpressoide_11.5.0_7232\workspace\mimxrt1176_project_tft\lvgl\lvgl\src\misc\lv_color.h:674:26:lv_color_white	8	static
C:\Users\nxf77952\Documents\MCUXpressoIDE_11.5.0_7232\workspace\MIMXRT1176_Project_TFT\lvgl\lvgl/src/core/lv_obj_pos.h:186:20:lv_obj_center	16	static
C:\Users\nxf77952\Documents\MCUXpressoIDE_11.5.0_7232\workspace\MIMXRT1176_Project_TFT\lvgl\lvgl/src/lv_api_map.h:34:51:lv_task_handler	8	static
C:\Users\nxf77952\Documents\MCUXpressoIDE_11.5.0_7232\workspace\MIMXRT1176_Project_TFT\drivers/fsl_pit.h:105:20:PIT_GetDefaultConfig	16	static
C:\Users\nxf77952\Documents\MCUXpressoIDE_11.5.0_7232\workspace\MIMXRT1176_Project_TFT\drivers/fsl_pit.h:159:20:PIT_EnableInterrupts	24	static
C:\Users\nxf77952\Documents\MCUXpressoIDE_11.5.0_7232\workspace\MIMXRT1176_Project_TFT\drivers/fsl_pit.h:207:24:PIT_GetStatusFlags	16	static
C:\Users\nxf77952\Documents\MCUXpressoIDE_11.5.0_7232\workspace\MIMXRT1176_Project_TFT\drivers/fsl_pit.h:220:20:PIT_ClearStatusFlags	24	static
C:\Users\nxf77952\Documents\MCUXpressoIDE_11.5.0_7232\workspace\MIMXRT1176_Project_TFT\drivers/fsl_pit.h:246:20:PIT_SetTimerPeriod	24	static
C:\Users\nxf77952\Documents\MCUXpressoIDE_11.5.0_7232\workspace\MIMXRT1176_Project_TFT\drivers/fsl_pit.h:288:20:PIT_StartTimer	16	static
../source/lvgl_guider.c:80:13:AppTask	8	static
../source/lvgl_guider.c:260:6:PIT1_IRQHandler	8	static
../source/lvgl_guider.c:357:5:display_rider_info	16	static
../source/lvgl_guider.c:2355:6:left_draw_line_2	16	static
../source/lvgl_guider.c:2374:6:left_draw_line_3	16	static
../source/lvgl_guider.c:2394:6:lv_ex_line_1	8	static
../source/lvgl_guider.c:2409:6:draw_canvas	104	static
../source/lvgl_guider.c:2489:6:test_1	104	static
../source/lvgl_guider.c:2528:5:Set_drawing_demo	16	static
../source/lvgl_guider.c:2618:5:Set_cluster_demo	16	static
../source/lvgl_guider.c:2742:5:rider_animation	16	static
../source/lvgl_guider.c:2906:5:roll_menu_animation	16	static
../source/lvgl_guider.c:3036:5:scroll_menu_animation	16	static
../source/lvgl_guider.c:3474:5:main	48	static
../source/lvgl_guider.c:3635:6:vApplicationMallocFailedHook	4	static
../source/lvgl_guider.c:3644:6:vApplicationTickHook	8	static
../source/lvgl_guider.c:3664:13:DEMO_SetupTick	8	static
../source/lvgl_guider.c:3674:6:SysTick_Handler	8	static
