C:\Users\nxf77952\Documents\MCUXpressoIDE_11.5.0_7232\workspace\MIMXRT1176_Project_TFT\CMSIS/core_cm7.h:1902:22:__NVIC_EnableIRQ	16	static
C:\Users\nxf77952\Documents\MCUXpressoIDE_11.5.0_7232\workspace\MIMXRT1176_Project_TFT\CMSIS/core_cm7.h:2032:22:__NVIC_SetPriority	16	static
C:\Users\nxf77952\Documents\MCUXpressoIDE_11.5.0_7232\workspace\MIMXRT1176_Project_TFT\CMSIS/core_cm7.h:2637:26:SysTick_Config	16	static
C:\Users\nxf77952\Documents\MCUXpressoIDE_11.5.0_7232\workspace\MIMXRT1176_Project_TFT\drivers/fsl_clock.h:2071:24:CLOCK_GetRootClockMux	16	static
C:\Users\nxf77952\Documents\MCUXpressoIDE_11.5.0_7232\workspace\MIMXRT1176_Project_TFT\drivers/fsl_clock.h:2112:24:CLOCK_GetRootClockDiv	16	static
C:\Users\nxf77952\Documents\MCUXpressoIDE_11.5.0_7232\workspace\MIMXRT1176_Project_TFT\drivers/fsl_clock.h:2240:24:CLOCK_GetRootClockFreq	32	static
C:\Users\nxf77952\Documents\MCUXpressoIDE_11.5.0_7232\workspace\MIMXRT1176_Project_TFT\drivers/fsl_common_arm.h:499:24:EnableIRQ	24	static
C:\Users\nxf77952\Documents\MCUXpressoIDE_11.5.0_7232\workspace\MIMXRT1176_Project_TFT\lvgl\lvgl/src/core/lv_disp.h:163:26:lv_scr_act	8	static
C:\Users\nxf77952\Documents\MCUXpressoIDE_11.5.0_7232\workspace\MIMXRT1176_Project_TFT\lvgl\lvgl/src/lv_api_map.h:34:51:lv_task_handler	8	static
C:\Users\nxf77952\Documents\MCUXpressoIDE_11.5.0_7232\workspace\MIMXRT1176_Project_TFT\drivers/fsl_pit.h:105:20:PIT_GetDefaultConfig	16	static
C:\Users\nxf77952\Documents\MCUXpressoIDE_11.5.0_7232\workspace\MIMXRT1176_Project_TFT\drivers/fsl_pit.h:159:20:PIT_EnableInterrupts	24	static
C:\Users\nxf77952\Documents\MCUXpressoIDE_11.5.0_7232\workspace\MIMXRT1176_Project_TFT\drivers/fsl_pit.h:207:24:PIT_GetStatusFlags	16	static
C:\Users\nxf77952\Documents\MCUXpressoIDE_11.5.0_7232\workspace\MIMXRT1176_Project_TFT\drivers/fsl_pit.h:220:20:PIT_ClearStatusFlags	24	static
C:\Users\nxf77952\Documents\MCUXpressoIDE_11.5.0_7232\workspace\MIMXRT1176_Project_TFT\drivers/fsl_pit.h:246:20:PIT_SetTimerPeriod	24	static
C:\Users\nxf77952\Documents\MCUXpressoIDE_11.5.0_7232\workspace\MIMXRT1176_Project_TFT\drivers/fsl_pit.h:288:20:PIT_StartTimer	16	static
../source/MIMXRT1176_Project.c:67:13:AppTask	16	static
../source/MIMXRT1176_Project.c:157:6:PIT1_IRQHandler	8	static
../source/MIMXRT1176_Project.c:191:5:main	80	static
../source/MIMXRT1176_Project.c:321:6:vApplicationMallocFailedHook	4	static
../source/MIMXRT1176_Project.c:330:6:vApplicationTickHook	8	static
../source/MIMXRT1176_Project.c:351:13:DEMO_SetupTick	8	static
../source/MIMXRT1176_Project.c:361:6:SysTick_Handler	8	static
